Microchip MPLAB XC8 Compiler V2.31

Linker command line:

-W-3 --edf=C:\Program Files\Microchip\xc8\v2.31\pic\dat\en_msgs.txt -cn \
  -h+dist/default/production\SKT_R2_vor1.X.production.sym \
  --cmf=dist/default/production\SKT_R2_vor1.X.production.cmf -z -Q16F1938 \
  -oC:\Users\harut\AppData\Local\Temp\sgsg.2 --defsym=__MPLAB_BUILD=1 \
  -Mdist/default/production/SKT_R2_vor1.X.production.map -E1 \
  -ver=XC8 Compiler --acfsm=1493 -ASTACK=020E8h-023EFh -pstack=STACK \
  -ACODE=00h-07FFhx8 -ASTRCODE=00h-03FFFh -ASTRING=00h-0FFhx64 \
  -ACONST=00h-0FFhx64 -AENTRY=00h-0FFhx64 -ACOMMON=070h-07Fh \
  -ABANK0=020h-06Fh -ABANK1=0A0h-0EFh -ABANK2=0120h-016Fh \
  -ABANK3=01A0h-01EFh -ABANK4=0220h-026Fh -ABANK5=02A0h-02EFh \
  -ABANK6=0320h-036Fh -ABANK7=03A0h-03EFh -ABANK8=0420h-046Fh \
  -ABANK9=04A0h-04EFh -ABANK10=0520h-056Fh -ABANK11=05A0h-05EFh \
  -ABANK12=0620h-064Fh -ABIGRAM=02000h-023EFh \
  -ARAM=020h-06Fh,0A0h-0EFh,0120h-016Fh,01A0h-01EFh,0220h-026Fh,02A0h-02EFh,0320h-036Fh,03A0h-03EFh,0420h-046Fh,04A0h-04EFh,0520h-056Fh,05A0h-05EFh,0620h-064Fh \
  -AABS1=020h-07Fh,0A0h-0EFh,0120h-016Fh,01A0h-01EFh,0220h-026Fh,02A0h-02EFh,0320h-036Fh,03A0h-03EFh,0420h-046Fh,04A0h-04EFh,0520h-056Fh,05A0h-05EFh,0620h-064Fh \
  -ASFR0=00h-01Fh -ASFR1=080h-09Fh -ASFR2=0100h-011Fh -ASFR3=0180h-019Fh \
  -ASFR4=0200h-021Fh -ASFR5=0280h-029Fh -ASFR6=0300h-031Fh \
  -ASFR7=0380h-039Fh -ASFR8=0400h-041Fh -ASFR9=0480h-049Fh \
  -ASFR10=0500h-051Fh -ASFR11=0580h-059Fh -ASFR12=0600h-061Fh \
  -ASFR13=0680h-06EFh -ASFR14=0700h-076Fh -ASFR15=0780h-07EFh \
  -ASFR16=0800h-086Fh -ASFR17=0880h-08EFh -ASFR18=0900h-096Fh \
  -ASFR19=0980h-09EFh -ASFR20=0A00h-0A6Fh -ASFR21=0A80h-0AEFh \
  -ASFR22=0B00h-0B6Fh -ASFR23=0B80h-0BEFh -ASFR24=0C00h-0C6Fh \
  -ASFR25=0C80h-0CEFh -ASFR26=0D00h-0D6Fh -ASFR27=0D80h-0DEFh \
  -ASFR28=0E00h-0E6Fh -ASFR29=0E80h-0EEFh -ASFR30=0F00h-0F6Fh \
  -ASFR31=0F80h-0FEFh -ACONFIG=08007h-08008h -DCONFIG=2 \
  -AIDLOC=08000h-08003h -DIDLOC=2 -AEEDATA=00h-0FFh/0F000h \
  -peeprom_data=EEDATA -DEEDATA=2 -DCODE=2 -DSTRCODE=2 -DSTRING=2 -DCONST=2 \
  -DENTRY=2 -preset_vec=00h,intentry,init,end_init -ppowerup=CODE \
  -pcinit=CODE -pfunctab=ENTRY -k C:\Users\harut\AppData\Local\Temp\sgsg.o \
  dist/default/production\SKT_R2_vor1.X.production.o 

Object code version is 3.11

Machine type is 16F1938



                Name                               Link     Load   Length Selector   Space Scale
C:\Users\harut\AppData\Local\Temp\sgsg.o
                end_init                              2        2        2        0       0
                reset_vec                             0        0        2        0       0
                config                             8007     8007        2        0       4
dist/default/production\SKT_R2_vor1.X.production.o
                cinit                               7D1      7D1       2F      FA2       0
                config                             8007     8007        2        0       4
                text9                               2CC      2CC       20      598       0
                text8                               2EC      2EC       20      5D8       0
                text7                               30C      30C       20      618       0
                text6                               32C      32C       3D      658       0
                text5                               3B1      3B1       4B      762       0
                text4                               60F      60F      1C2      C1E       0
                text3                               4A5      4A5      16A      94A       0
                text2                               2B9      2B9       13      572       0
                text1                               2B0      2B0        9      560       0
                maintext                            448      448       5D      890       0
                cstackBANK0                          42       42        E       20       1
                cstackCOMMON                         70       70        E       70       1
                clrtext                             29C      29C        6      538       0
                inittext                            2A2      2A2        6      544       0
                dataBANK2                           120      120       48      120       1
                dataBANK1                            A0       A0       4C       A0       1
                dataBANK0                            50       50        8       20       1
                bssBANK0                             20       20       22       20       1
                idataBANK2                          369      369       48      6D2       0
                idataBANK1                          3FC      3FC       4C      7F8       0
                idataBANK0                          2A8      2A8        8      550       0

TOTAL           Name                               Link     Load   Length     Space
        CLASS   STACK          

        CLASS   CODE           
                end_init                              2        2        2         0
                cinit                               7D1      7D1       2F         0
                reset_vec                             0        0        2         0
                text9                               2CC      2CC       20         0
                text8                               2EC      2EC       20         0
                text7                               30C      30C       20         0
                text6                               32C      32C       3D         0
                text5                               3B1      3B1       4B         0
                text4                               60F      60F      1C2         0
                text3                               4A5      4A5      16A         0
                text2                               2B9      2B9       13         0
                text1                               2B0      2B0        9         0
                maintext                            448      448       5D         0
                clrtext                             29C      29C        6         0
                inittext                            2A2      2A2        6         0
                idataBANK2                          369      369       48         0
                idataBANK1                          3FC      3FC       4C         0
                idataBANK0                          2A8      2A8        8         0

        CLASS   STRCODE        

        CLASS   STRING         

        CLASS   CONST          

        CLASS   ENTRY          

        CLASS   COMMON         
                cstackCOMMON                         70       70        E         1

        CLASS   BANK0          
                cstackBANK0                          42       42        E         1
                dataBANK0                            50       50        8         1
                bssBANK0                             20       20       22         1

        CLASS   BANK1          
                dataBANK1                            A0       A0       4C         1

        CLASS   BANK2          
                dataBANK2                           120      120       48         1

        CLASS   BANK3          

        CLASS   BANK4          

        CLASS   BANK5          

        CLASS   BANK6          

        CLASS   BANK7          

        CLASS   BANK8          

        CLASS   BANK9          

        CLASS   BANK10         

        CLASS   BANK11         

        CLASS   BANK12         

        CLASS   BIGRAM         

        CLASS   RAM            

        CLASS   ABS1           
                abs_s1                               7E       7E        2         1

        CLASS   SFR0           

        CLASS   SFR1           

        CLASS   SFR2           

        CLASS   SFR3           

        CLASS   SFR4           

        CLASS   SFR5           

        CLASS   SFR6           

        CLASS   SFR7           

        CLASS   SFR8           

        CLASS   SFR9           

        CLASS   SFR10          

        CLASS   SFR11          

        CLASS   SFR12          

        CLASS   SFR13          

        CLASS   SFR14          

        CLASS   SFR15          

        CLASS   SFR16          

        CLASS   SFR17          

        CLASS   SFR18          

        CLASS   SFR19          

        CLASS   SFR20          

        CLASS   SFR21          

        CLASS   SFR22          

        CLASS   SFR23          

        CLASS   SFR24          

        CLASS   SFR25          

        CLASS   SFR26          

        CLASS   SFR27          

        CLASS   SFR28          

        CLASS   SFR29          

        CLASS   SFR30          

        CLASS   SFR31          

        CLASS   CONFIG         
                config                             8007     8007        2         4

        CLASS   IDLOC          

        CLASS   EEDATA         

        CLASS   BANK31         

        CLASS   BANK30         

        CLASS   BANK29         

        CLASS   BANK28         

        CLASS   BANK27         

        CLASS   BANK26         

        CLASS   BANK25         

        CLASS   BANK24         

        CLASS   BANK23         

        CLASS   BANK22         

        CLASS   BANK21         

        CLASS   BANK20         

        CLASS   BANK19         

        CLASS   BANK18         

        CLASS   BANK17         

        CLASS   BANK16         

        CLASS   BANK15         

        CLASS   BANK14         

        CLASS   BANK13         



SEGMENTS        Name                           Load    Length   Top    Selector   Space  Class     Delta

                reset_vec                      000000  000004  000004         0       0  CODE        2
                bssBANK0                       000020  000038  000058        20       1  BANK0       1
                cstackCOMMON                   000070  00000E  00007E        70       1  COMMON      1
                dataBANK1                      0000A0  00004C  0000EC        A0       1  BANK1       1
                dataBANK2                      000120  000048  000168       120       1  BANK2       1
                clrtext                        00029C  000006  0002A2       538       0  CODE        2
                inittext                       0002A2  000006  0002A8       544       0  CODE        2
                idataBANK0                     0002A8  000008  0002B0       550       0  CODE        2
                text1                          0002B0  000009  0002B9       560       0  CODE        2
                text2                          0002B9  000013  0002CC       572       0  CODE        2
                text9                          0002CC  000020  0002EC       598       0  CODE        2
                text8                          0002EC  000020  00030C       5D8       0  CODE        2
                text7                          00030C  000020  00032C       618       0  CODE        2
                text6                          00032C  00003D  000369       658       0  CODE        2
                idataBANK2                     000369  000048  0003B1       6D2       0  CODE        2
                text5                          0003B1  00004B  0003FC       762       0  CODE        2
                idataBANK1                     0003FC  00004C  000448       7F8       0  CODE        2
                maintext                       000448  00005D  0004A5       890       0  CODE        2
                text3                          0004A5  00016A  00060F       94A       0  CODE        2
                text4                          00060F  0001C2  0007D1       C1E       0  CODE        2
                cinit                          0007D1  00002F  000800       FA2       0  CODE        2


UNUSED ADDRESS RANGES

        Name                Unused          Largest block    Delta
        BANK0            00058-0006F              18           1
        BANK1            000EC-000EF               4           1
        BANK10           00520-0056F              50           1
        BANK11           005A0-005EF              50           1
        BANK12           00620-0064F              30           1
        BANK2            00168-0016F               8           1
        BANK3            001A0-001EF              50           1
        BANK4            00220-0026F              50           1
        BANK5            002A0-002EF              50           1
        BANK6            00320-0036F              50           1
        BANK7            003A0-003EF              50           1
        BANK8            00420-0046F              50           1
        BANK9            004A0-004EF              50           1
        BIGRAM           02000-023EF             3F0           1
        CODE             00004-0029B             298           2
                         00800-03FFF             800
        CONST            00004-0029B             100           2
                         00800-03FFF             100
        EEDATA           0F000-0F0FF             100           2
        ENTRY            00004-0029B             100           2
                         00800-03FFF             100
        IDLOC            08000-08003               4           2
        RAM              00058-0006F              18           1
                         000EC-000EF               4
                         00168-0016F               8
                         001A0-001EF              50
                         00220-0026F              50
                         002A0-002EF              50
                         00320-0036F              50
                         003A0-003EF              50
                         00420-0046F              50
                         004A0-004EF              50
                         00520-0056F              50
                         005A0-005EF              50
                         00620-0064F              30
        SFR0             00000-0001F              20           1
        SFR1             00080-0009F              20           1
        SFR10            00500-0051F              20           1
        SFR11            00580-0059F              20           1
        SFR12            00600-0061F              20           1
        SFR13            00680-006EF              70           1
        SFR14            00700-0076F              70           1
        SFR15            00780-007EF              70           1
        SFR16            00800-0086F              70           1
        SFR17            00880-008EF              70           1
        SFR18            00900-0096F              70           1
        SFR19            00980-009EF              70           1
        SFR2             00100-0011F              20           1
        SFR20            00A00-00A6F              70           1
        SFR21            00A80-00AEF              70           1
        SFR22            00B00-00B6F              70           1
        SFR23            00B80-00BEF              70           1
        SFR24            00C00-00C6F              70           1
        SFR25            00C80-00CEF              70           1
        SFR26            00D00-00D6F              70           1
        SFR27            00D80-00DEF              70           1
        SFR28            00E00-00E6F              70           1
        SFR29            00E80-00EEF              70           1
        SFR3             00180-0019F              20           1
        SFR30            00F00-00F6F              70           1
        SFR31            00F80-00FEF              70           1
        SFR4             00200-0021F              20           1
        SFR5             00280-0029F              20           1
        SFR6             00300-0031F              20           1
        SFR7             00380-0039F              20           1
        SFR8             00400-0041F              20           1
        SFR9             00480-0049F              20           1
        STACK            020E8-023EF             308           1
        STRCODE          00004-0029B             298           2
                         00800-03FFF            3800
        STRING           00004-0029B             100           2
                         00800-03FFF             100

                                  Symbol Table

_ANSELA                  (abs)        0018C
_ANSELB                  (abs)        0018D
_OSCCON                  (abs)        00099
_PORTA                   (abs)        0000C
_PORTB                   (abs)        0000D
_PORTC                   (abs)        0000E
_RA0                     (abs)        00060
_RA1                     (abs)        00061
_RA2                     (abs)        00062
_RC0                     (abs)        00070
_RC1                     (abs)        00071
_RC2                     (abs)        00072
_RC5                     (abs)        00075
_RC6                     (abs)        00076
_RC7                     (abs)        00077
_TRISA                   (abs)        0008C
_TRISB                   (abs)        0008D
_TRISC                   (abs)        0008E
__Habs1                  abs1         00000
__Hbank0                 bank0        00000
__Hbank1                 bank1        00000
__Hbank10                bank10       00000
__Hbank11                bank11       00000
__Hbank12                bank12       00000
__Hbank13                bank13       00000
__Hbank14                bank14       00000
__Hbank15                bank15       00000
__Hbank16                bank16       00000
__Hbank17                bank17       00000
__Hbank18                bank18       00000
__Hbank19                bank19       00000
__Hbank2                 bank2        00000
__Hbank20                bank20       00000
__Hbank21                bank21       00000
__Hbank22                bank22       00000
__Hbank23                bank23       00000
__Hbank24                bank24       00000
__Hbank25                bank25       00000
__Hbank26                bank26       00000
__Hbank27                bank27       00000
__Hbank28                bank28       00000
__Hbank29                bank29       00000
__Hbank3                 bank3        00000
__Hbank30                bank30       00000
__Hbank31                bank31       00000
__Hbank4                 bank4        00000
__Hbank5                 bank5        00000
__Hbank6                 bank6        00000
__Hbank7                 bank7        00000
__Hbank8                 bank8        00000
__Hbank9                 bank9        00000
__Hbigram                bigram       00000
__HbssBANK0              bssBANK0     00000
__Hcinit                 cinit        00800
__Hclrtext               clrtext      00000
__Hcode                  code         00000
__Hcommon                common       00000
__Hconfig                config       08009
__HcstackBANK0           cstackBANK0  00000
__HcstackCOMMON          cstackCOMMON 00000
__HdataBANK0             dataBANK0    00000
__HdataBANK1             dataBANK1    00000
__HdataBANK2             dataBANK2    00000
__Heeprom_data           eeprom_data  00000
__Hend_init              end_init     00004
__Hfunctab               functab      00000
__HidataBANK0            idataBANK0   00000
__HidataBANK1            idataBANK1   00000
__HidataBANK2            idataBANK2   00000
__Hinit                  init         00002
__Hinittext              inittext     00000
__Hintentry              intentry     00002
__Hmaintext              maintext     00000
__Hpowerup               powerup      00000
__Hram                   ram          00000
__Hreset_vec             reset_vec    00002
__Hsfr0                  sfr0         00000
__Hsfr1                  sfr1         00000
__Hsfr10                 sfr10        00000
__Hsfr11                 sfr11        00000
__Hsfr12                 sfr12        00000
__Hsfr13                 sfr13        00000
__Hsfr14                 sfr14        00000
__Hsfr15                 sfr15        00000
__Hsfr16                 sfr16        00000
__Hsfr17                 sfr17        00000
__Hsfr18                 sfr18        00000
__Hsfr19                 sfr19        00000
__Hsfr2                  sfr2         00000
__Hsfr20                 sfr20        00000
__Hsfr21                 sfr21        00000
__Hsfr22                 sfr22        00000
__Hsfr23                 sfr23        00000
__Hsfr24                 sfr24        00000
__Hsfr25                 sfr25        00000
__Hsfr26                 sfr26        00000
__Hsfr27                 sfr27        00000
__Hsfr28                 sfr28        00000
__Hsfr29                 sfr29        00000
__Hsfr3                  sfr3         00000
__Hsfr30                 sfr30        00000
__Hsfr31                 sfr31        00000
__Hsfr4                  sfr4         00000
__Hsfr5                  sfr5         00000
__Hsfr6                  sfr6         00000
__Hsfr7                  sfr7         00000
__Hsfr8                  sfr8         00000
__Hsfr9                  sfr9         00000
__Hspace_0               (abs)        00800
__Hspace_1               (abs)        00168
__Hspace_2               (abs)        00000
__Hspace_3               (abs)        00000
__Hspace_4               (abs)        10010
__Hstack                 stack        00000
__Hstrings               strings      00000
__Htext                  text         00000
__Labs1                  abs1         00000
__Lbank0                 bank0        00000
__Lbank1                 bank1        00000
__Lbank10                bank10       00000
__Lbank11                bank11       00000
__Lbank12                bank12       00000
__Lbank13                bank13       00000
__Lbank14                bank14       00000
__Lbank15                bank15       00000
__Lbank16                bank16       00000
__Lbank17                bank17       00000
__Lbank18                bank18       00000
__Lbank19                bank19       00000
__Lbank2                 bank2        00000
__Lbank20                bank20       00000
__Lbank21                bank21       00000
__Lbank22                bank22       00000
__Lbank23                bank23       00000
__Lbank24                bank24       00000
__Lbank25                bank25       00000
__Lbank26                bank26       00000
__Lbank27                bank27       00000
__Lbank28                bank28       00000
__Lbank29                bank29       00000
__Lbank3                 bank3        00000
__Lbank30                bank30       00000
__Lbank31                bank31       00000
__Lbank4                 bank4        00000
__Lbank5                 bank5        00000
__Lbank6                 bank6        00000
__Lbank7                 bank7        00000
__Lbank8                 bank8        00000
__Lbank9                 bank9        00000
__Lbigram                bigram       00000
__LbssBANK0              bssBANK0     00000
__Lcinit                 cinit        007D1
__Lclrtext               clrtext      00000
__Lcode                  code         00000
__Lcommon                common       00000
__Lconfig                config       00000
__LcstackBANK0           cstackBANK0  00000
__LcstackCOMMON          cstackCOMMON 00000
__LdataBANK0             dataBANK0    00000
__LdataBANK1             dataBANK1    00000
__LdataBANK2             dataBANK2    00000
__Leeprom_data           eeprom_data  00000
__Lend_init              end_init     00002
__Lfunctab               functab      00000
__LidataBANK0            idataBANK0   00000
__LidataBANK1            idataBANK1   00000
__LidataBANK2            idataBANK2   00000
__Linit                  init         00002
__Linittext              inittext     00000
__Lintentry              intentry     00002
__Lmaintext              maintext     00000
__Lpowerup               powerup      00000
__Lram                   ram          00000
__Lreset_vec             reset_vec    00000
__Lsfr0                  sfr0         00000
__Lsfr1                  sfr1         00000
__Lsfr10                 sfr10        00000
__Lsfr11                 sfr11        00000
__Lsfr12                 sfr12        00000
__Lsfr13                 sfr13        00000
__Lsfr14                 sfr14        00000
__Lsfr15                 sfr15        00000
__Lsfr16                 sfr16        00000
__Lsfr17                 sfr17        00000
__Lsfr18                 sfr18        00000
__Lsfr19                 sfr19        00000
__Lsfr2                  sfr2         00000
__Lsfr20                 sfr20        00000
__Lsfr21                 sfr21        00000
__Lsfr22                 sfr22        00000
__Lsfr23                 sfr23        00000
__Lsfr24                 sfr24        00000
__Lsfr25                 sfr25        00000
__Lsfr26                 sfr26        00000
__Lsfr27                 sfr27        00000
__Lsfr28                 sfr28        00000
__Lsfr29                 sfr29        00000
__Lsfr3                  sfr3         00000
__Lsfr30                 sfr30        00000
__Lsfr31                 sfr31        00000
__Lsfr4                  sfr4         00000
__Lsfr5                  sfr5         00000
__Lsfr6                  sfr6         00000
__Lsfr7                  sfr7         00000
__Lsfr8                  sfr8         00000
__Lsfr9                  sfr9         00000
__Lspace_0               (abs)        00000
__Lspace_1               (abs)        00000
__Lspace_2               (abs)        00000
__Lspace_3               (abs)        00000
__Lspace_4               (abs)        00000
__Lstack                 stack        00000
__Lstrings               strings      00000
__Ltext                  text         00000
__S0                     (abs)        00800
__S1                     (abs)        00168
__S2                     (abs)        00000
__S3                     (abs)        00000
___int_sp                stack        00000
___latbits               (abs)        00003
___sp                    stack        00000
___stackhi               (abs)        023EF
___stacklo               (abs)        020E8
__end_of__initialization cinit        007FD
__end_of_buzzStop        text4        007D1
__end_of_buzzof          text9        002EC
__end_of_buzzon          text8        0030C
__end_of_dynam           text3        0060F
__end_of_fclr            text7        0032C
__end_of_main            maintext     004A5
__end_of_portinit        text2        002CC
__end_of_tact            text5        003FC
__end_of_tactsw          text6        00369
__end_of_zenoff          text1        002B9
__initialization         cinit        007D1
__pbssBANK0              bssBANK0     00020
__pcstackBANK0           cstackBANK0  00042
__pcstackCOMMON          cstackCOMMON 00070
__pdataBANK0             dataBANK0    00050
__pdataBANK1             dataBANK1    000A0
__pdataBANK2             dataBANK2    00120
__pidataBANK0            idataBANK0   002A8
__pidataBANK1            idataBANK1   003FC
__pidataBANK2            idataBANK2   00369
__pmaintext              maintext     00448
__ptext1                 text1        002B0
__ptext2                 text2        002B9
__ptext3                 text3        004A5
__ptext4                 text4        0060F
__ptext5                 text5        003B1
__ptext6                 text6        0032C
__ptext7                 text7        0030C
__ptext8                 text8        002EC
__ptext9                 text9        002CC
__size_of_buzzStop       (abs)        00000
__size_of_buzzof         (abs)        00000
__size_of_buzzon         (abs)        00000
__size_of_dynam          (abs)        00000
__size_of_fclr           (abs)        00000
__size_of_main           (abs)        00000
__size_of_portinit       (abs)        00000
__size_of_tact           (abs)        00000
__size_of_tactsw         (abs)        00000
__size_of_zenoff         (abs)        00000
_atai                    bssBANK0     0002C
_atai1                   bssBANK0     0002E
_atai10                  bssBANK0     00030
_buzzStop                text4        0060F
_buzzof                  text9        002CC
_buzzon                  text8        002EC
_ccw                     bssBANK0     00032
_code1                   bssBANK0     00022
_code10                  bssBANK0     00024
_code100                 bssBANK0     00026
_code1000                bssBANK0     00028
_count                   bssBANK0     0002A
_cw                      bssBANK0     00034
_dynam                   text3        004A5
_fclr                    text7        0030C
_flag_P                  bssBANK0     00038
_flag_R                  bssBANK0     0003A
_flag_sw3                bssBANK0     0003C
_flg                     bssBANK0     00036
_fugou                   bssBANK0     00020
_main                    maintext     00448
_portinit                text2        002B9
_samp                    dataBANK1    000A0
_tact                    text5        003B1
_tactsw                  text6        0032C
_zenoff                  text1        002B0
btemp                    (abs)        0007E
buzzStop@cpSW1           cstackBANK0  0004A
buzzStop@cpSW2           cstackBANK0  0004C
buzzStop@dousa           cstackBANK0  00042
buzzStop@i               cstackBANK0  0004E
buzzStop@j               cstackBANK0  00048
buzzStop@rokku           cstackBANK0  00046
buzzStop@time            cstackBANK0  00044
buzzof@t                 cstackCOMMON 00070
buzzon@t                 cstackCOMMON 00070
clear_ram0               clrtext      0029C
dynam@dig1data           cstackCOMMON 00070
dynam@dig2data           cstackCOMMON 00072
dynam@ext                cstackBANK0  00048
dynam@j                  cstackBANK0  00046
dynam@smd                cstackBANK0  00042
dynam@smdata             cstackCOMMON 00074
dynam@tm                 cstackBANK0  00044
dynam@tr                 cstackCOMMON 00076
end_of_initialization    cinit        007FD
fclr@flg                 cstackCOMMON 00070
init_ram                 inittext     002A2
intlevel0                functab      00000
intlevel1                functab      00000
intlevel2                functab      00000
intlevel3                functab      00000
intlevel4                functab      00000
intlevel5                functab      00000
reset_vec                reset_vec    00000
start                    init         00002
start_initialization     cinit        007D1
tact@mode                cstackCOMMON 00078
tactsw@a                 cstackCOMMON 00076
tactsw@b                 cstackCOMMON 00072
tactsw@c                 cstackCOMMON 00074
wtemp0                   (abs)        0007E


FUNCTION INFORMATION:

 *************** function _main *****************
 Defined at:
		line 725 in file "Q1.c"
 Parameters:    Size  Location     Type
		None
 Auto vars:     Size  Location     Type
  zyoutai         2    0        int 
  ataiR           2    0        int 
  ataiL           2    0        int 
  segR            2    0        unsigned short 
  segL            2    0        unsigned short 
  ans             2    0        int 
  time            2    0        int 
  n               2    0        int 
  m               2    0        int 
  k               2    0        int 
  j               2    0        int 
  i               2    0        int 
 Return value:  Size  Location     Type
                  1    wreg      void 
 Registers used:
		wreg, fsr0l, fsr0h, status,2, status,0, pclath, cstack
 Tracked objects:
		On entry : 
		On exit  : 
		Unchanged: 
 Data sizes:     COMMON   BANK0   BANK1   BANK2   BANK3   BANK4   BANK5   BANK6   BANK7   BANK8   BANK9  BANK10  BANK11  BANK12
      Params:         0       0       0       0       0       0       0       0       0       0       0       0       0       0
      Locals:         0      24       0       0       0       0       0       0       0       0       0       0       0       0
      Temps:          2       0       0       0       0       0       0       0       0       0       0       0       0       0
      Totals:         2      24       0       0       0       0       0       0       0       0       0       0       0       0
Total ram usage:       26 bytes
 Hardware stack levels required when called:    3
 This function calls:
		_buzzStop
		_dynam
		_fclr
		_portinit
		_zenoff
 This function is called by:
		Startup code after reset
 This function uses a non-reentrant model


 *************** function _zenoff *****************
 Defined at:
		line 195 in file "Q1.c"
 Parameters:    Size  Location     Type
		None
 Auto vars:     Size  Location     Type
		None
 Return value:  Size  Location     Type
                  1    wreg      void 
 Registers used:
		status,2
 Tracked objects:
		On entry : 
		On exit  : 
		Unchanged: 
 Data sizes:     COMMON   BANK0   BANK1   BANK2   BANK3   BANK4   BANK5   BANK6   BANK7   BANK8   BANK9  BANK10  BANK11  BANK12
      Params:         0       0       0       0       0       0       0       0       0       0       0       0       0       0
      Locals:         0       0       0       0       0       0       0       0       0       0       0       0       0       0
      Temps:          0       0       0       0       0       0       0       0       0       0       0       0       0       0
      Totals:         0       0       0       0       0       0       0       0       0       0       0       0       0       0
Total ram usage:        0 bytes
 Hardware stack levels used:    1
 This function calls:
		Nothing
 This function is called by:
		_main
 This function uses a non-reentrant model


 *************** function _portinit *****************
 Defined at:
		line 160 in file "Q1.c"
 Parameters:    Size  Location     Type
		None
 Auto vars:     Size  Location     Type
		None
 Return value:  Size  Location     Type
                  1    wreg      void 
 Registers used:
		wreg, status,2
 Tracked objects:
		On entry : 
		On exit  : 
		Unchanged: 
 Data sizes:     COMMON   BANK0   BANK1   BANK2   BANK3   BANK4   BANK5   BANK6   BANK7   BANK8   BANK9  BANK10  BANK11  BANK12
      Params:         0       0       0       0       0       0       0       0       0       0       0       0       0       0
      Locals:         0       0       0       0       0       0       0       0       0       0       0       0       0       0
      Temps:          0       0       0       0       0       0       0       0       0       0       0       0       0       0
      Totals:         0       0       0       0       0       0       0       0       0       0       0       0       0       0
Total ram usage:        0 bytes
 Hardware stack levels used:    1
 This function calls:
		Nothing
 This function is called by:
		_main
 This function uses a non-reentrant model


 *************** function _dynam *****************
 Defined at:
		line 206 in file "Q1.c"
 Parameters:    Size  Location     Type
  dig1data        2    0[COMMON] unsigned short 
  dig2data        2    2[COMMON] unsigned short 
  smdata          2    4[COMMON] unsigned short 
  tr              2    6[COMMON] unsigned int 
 Auto vars:     Size  Location     Type
  ext             2    6[BANK0 ] unsigned short 
  j               2    4[BANK0 ] unsigned int 
  tm              2    2[BANK0 ] unsigned int 
  smd             2    0[BANK0 ] unsigned short 
 Return value:  Size  Location     Type
                  1    wreg      void 
 Registers used:
		wreg, fsr0l, fsr0h, status,2, status,0
 Tracked objects:
		On entry : 
		On exit  : 
		Unchanged: 
 Data sizes:     COMMON   BANK0   BANK1   BANK2   BANK3   BANK4   BANK5   BANK6   BANK7   BANK8   BANK9  BANK10  BANK11  BANK12
      Params:         8       0       0       0       0       0       0       0       0       0       0       0       0       0
      Locals:         0       8       0       0       0       0       0       0       0       0       0       0       0       0
      Temps:          0       0       0       0       0       0       0       0       0       0       0       0       0       0
      Totals:         8       8       0       0       0       0       0       0       0       0       0       0       0       0
Total ram usage:       16 bytes
 Hardware stack levels used:    1
 This function calls:
		Nothing
 This function is called by:
		_main
		_clear
		_waitSEG
		_waitSEGStop
		_motor
		_motorStop
 This function uses a non-reentrant model


 *************** function _buzzStop *****************
 Defined at:
		line 580 in file "Q1.c"
 Parameters:    Size  Location     Type
  dousa           2    0[BANK0 ] int 
  time            2    2[BANK0 ] int 
  rokku           2    4[BANK0 ] int 
 Auto vars:     Size  Location     Type
  i               2   12[BANK0 ] int 
  cpSW2           2   10[BANK0 ] int 
  cpSW1           2    8[BANK0 ] int 
  j               2    6[BANK0 ] int 
 Return value:  Size  Location     Type
                  2    0[BANK0 ] int 
 Registers used:
		wreg, fsr0l, fsr0h, status,2, status,0, pclath, cstack
 Tracked objects:
		On entry : 
		On exit  : 
		Unchanged: 
 Data sizes:     COMMON   BANK0   BANK1   BANK2   BANK3   BANK4   BANK5   BANK6   BANK7   BANK8   BANK9  BANK10  BANK11  BANK12
      Params:         0       6       0       0       0       0       0       0       0       0       0       0       0       0
      Locals:         0       8       0       0       0       0       0       0       0       0       0       0       0       0
      Temps:          2       0       0       0       0       0       0       0       0       0       0       0       0       0
      Totals:         2      14       0       0       0       0       0       0       0       0       0       0       0       0
Total ram usage:       16 bytes
 Hardware stack levels used:    1
 Hardware stack levels required when called:    2
 This function calls:
		_buzzof
		_buzzon
		_fclr
		_tact
 This function is called by:
		_main
 This function uses a non-reentrant model


 *************** function _tact *****************
 Defined at:
		line 346 in file "Q1.c"
 Parameters:    Size  Location     Type
  mode            2    8[COMMON] unsigned short 
 Auto vars:     Size  Location     Type
		None
 Return value:  Size  Location     Type
                  1    wreg      void 
 Registers used:
		wreg, fsr0l, fsr0h, status,2, status,0, pclath, cstack
 Tracked objects:
		On entry : 
		On exit  : 
		Unchanged: 
 Data sizes:     COMMON   BANK0   BANK1   BANK2   BANK3   BANK4   BANK5   BANK6   BANK7   BANK8   BANK9  BANK10  BANK11  BANK12
      Params:         2       0       0       0       0       0       0       0       0       0       0       0       0       0
      Locals:         0       0       0       0       0       0       0       0       0       0       0       0       0       0
      Temps:          0       0       0       0       0       0       0       0       0       0       0       0       0       0
      Totals:         2       0       0       0       0       0       0       0       0       0       0       0       0       0
Total ram usage:        2 bytes
 Hardware stack levels used:    1
 Hardware stack levels required when called:    1
 This function calls:
		_tactsw
 This function is called by:
		_buzzStop
		_kaisu
		_waitSEGStop
		_motorStop
 This function uses a non-reentrant model


 *************** function _tactsw *****************
 Defined at:
		line 331 in file "Q1.c"
 Parameters:    Size  Location     Type
		None
 Auto vars:     Size  Location     Type
  a               2    6[COMMON] unsigned short 
  c               2    4[COMMON] unsigned short 
  b               2    2[COMMON] unsigned short 
 Return value:  Size  Location     Type
                  1    wreg      void 
 Registers used:
		wreg, status,2, status,0
 Tracked objects:
		On entry : 
		On exit  : 
		Unchanged: 
 Data sizes:     COMMON   BANK0   BANK1   BANK2   BANK3   BANK4   BANK5   BANK6   BANK7   BANK8   BANK9  BANK10  BANK11  BANK12
      Params:         0       0       0       0       0       0       0       0       0       0       0       0       0       0
      Locals:         6       0       0       0       0       0       0       0       0       0       0       0       0       0
      Temps:          2       0       0       0       0       0       0       0       0       0       0       0       0       0
      Totals:         8       0       0       0       0       0       0       0       0       0       0       0       0       0
Total ram usage:        8 bytes
 Hardware stack levels used:    1
 This function calls:
		Nothing
 This function is called by:
		_tact
 This function uses a non-reentrant model


 *************** function _fclr *****************
 Defined at:
		line 369 in file "Q1.c"
 Parameters:    Size  Location     Type
  flg             2    0[COMMON] unsigned short 
 Auto vars:     Size  Location     Type
		None
 Return value:  Size  Location     Type
                  1    wreg      void 
 Registers used:
		wreg, fsr0l, fsr0h, status,2, status,0
 Tracked objects:
		On entry : 
		On exit  : 
		Unchanged: 
 Data sizes:     COMMON   BANK0   BANK1   BANK2   BANK3   BANK4   BANK5   BANK6   BANK7   BANK8   BANK9  BANK10  BANK11  BANK12
      Params:         2       0       0       0       0       0       0       0       0       0       0       0       0       0
      Locals:         0       0       0       0       0       0       0       0       0       0       0       0       0       0
      Temps:          0       0       0       0       0       0       0       0       0       0       0       0       0       0
      Totals:         2       0       0       0       0       0       0       0       0       0       0       0       0       0
Total ram usage:        2 bytes
 Hardware stack levels used:    1
 This function calls:
		Nothing
 This function is called by:
		_buzzStop
		_main
		_kaisu
		_waitSEGStop
		_motorStop
 This function uses a non-reentrant model


 *************** function _buzzon *****************
 Defined at:
		line 414 in file "Q1.c"
 Parameters:    Size  Location     Type
		None
 Auto vars:     Size  Location     Type
  t               2    0[COMMON] unsigned short 
 Return value:  Size  Location     Type
                  1    wreg      void 
 Registers used:
		wreg, status,2, status,0
 Tracked objects:
		On entry : 
		On exit  : 
		Unchanged: 
 Data sizes:     COMMON   BANK0   BANK1   BANK2   BANK3   BANK4   BANK5   BANK6   BANK7   BANK8   BANK9  BANK10  BANK11  BANK12
      Params:         0       0       0       0       0       0       0       0       0       0       0       0       0       0
      Locals:         2       0       0       0       0       0       0       0       0       0       0       0       0       0
      Temps:          0       0       0       0       0       0       0       0       0       0       0       0       0       0
      Totals:         2       0       0       0       0       0       0       0       0       0       0       0       0       0
Total ram usage:        2 bytes
 Hardware stack levels used:    1
 This function calls:
		Nothing
 This function is called by:
		_buzzStop
		_buzz
 This function uses a non-reentrant model


 *************** function _buzzof *****************
 Defined at:
		line 427 in file "Q1.c"
 Parameters:    Size  Location     Type
		None
 Auto vars:     Size  Location     Type
  t               2    0[COMMON] unsigned short 
  n               2    0        unsigned short 
 Return value:  Size  Location     Type
                  1    wreg      void 
 Registers used:
		wreg, status,2, status,0
 Tracked objects:
		On entry : 
		On exit  : 
		Unchanged: 
 Data sizes:     COMMON   BANK0   BANK1   BANK2   BANK3   BANK4   BANK5   BANK6   BANK7   BANK8   BANK9  BANK10  BANK11  BANK12
      Params:         0       0       0       0       0       0       0       0       0       0       0       0       0       0
      Locals:         2       0       0       0       0       0       0       0       0       0       0       0       0       0
      Temps:          0       0       0       0       0       0       0       0       0       0       0       0       0       0
      Totals:         2       0       0       0       0       0       0       0       0       0       0       0       0       0
Total ram usage:        2 bytes
 Hardware stack levels used:    1
 This function calls:
		Nothing
 This function is called by:
		_buzzStop
		_buzz
 This function uses a non-reentrant model



MODULE INFORMATION

Module		Function		Class		Link	Load	Size
shared
		__initialization		CODE           	07D1	0000	44

shared estimated size: 44

Q1.c
		_main          		CODE           	0448	0000	93
		_buzzon        		CODE           	02EC	0000	32
		_tactsw        		CODE           	032C	0000	61
		_zenoff        		CODE           	02B0	0000	9
		_buzzof        		CODE           	02CC	0000	32
		_dynam         		CODE           	04A5	0000	362
		_tact          		CODE           	03B1	0000	75
		_portinit      		CODE           	02B9	0000	19
		_fclr          		CODE           	030C	0000	32
		_buzzStop      		CODE           	060F	0000	450

Q1.c estimated size: 1165

