Microchip MPLAB XC8 Compiler V2.31

Linker command line:

-W-3 --edf=C:\Program Files\Microchip\xc8\v2.31\pic\dat\en_msgs.txt -cn \
  -h+dist/default/debug\SKT_mogi_vor1.X.debug.sym \
  --cmf=dist/default/debug\SKT_mogi_vor1.X.debug.cmf -z -Q16F1938 \
  -oC:\Users\harut\AppData\Local\Temp\sfks.3 --defsym=__MPLAB_BUILD=1 \
  -Mdist/default/debug/SKT_mogi_vor1.X.debug.map -E1 -ver=XC8 Compiler \
  --acfsm=1493 -ASTACK=02110h-023EFh -pstack=STACK -ACODE=00h-07FFhx8 \
  -ASTRCODE=00h-03FFFh -ASTRING=00h-0FFhx64 -ACONST=00h-0FFhx64 \
  -AENTRY=00h-0FFhx64 -ACOMMON=070h-07Fh -ABANK0=020h-06Fh \
  -ABANK1=0A0h-0EFh -ABANK2=0120h-016Fh -ABANK3=01A0h-01EFh \
  -ABANK4=0220h-026Fh -ABANK5=02A0h-02EFh -ABANK6=0320h-036Fh \
  -ABANK7=03A0h-03EFh -ABANK8=0420h-046Fh -ABANK9=04A0h-04EFh \
  -ABANK10=0520h-056Fh -ABANK11=05A0h-05EFh -ABANK12=0620h-064Fh \
  -ABIGRAM=02000h-023EFh \
  -ARAM=020h-06Fh,0A0h-0EFh,0120h-016Fh,01A0h-01EFh,0220h-026Fh,02A0h-02EFh,0320h-036Fh,03A0h-03EFh,0420h-046Fh,04A0h-04EFh,0520h-056Fh,05A0h-05EFh,0620h-064Fh \
  -AABS1=020h-07Fh,0A0h-0EFh,0120h-016Fh,01A0h-01EFh,0220h-026Fh,02A0h-02EFh,0320h-036Fh,03A0h-03EFh,0420h-046Fh,04A0h-04EFh,0520h-056Fh,05A0h-05EFh,0620h-064Fh \
  -ASFR0=00h-01Fh -ASFR1=080h-09Fh -ASFR2=0100h-011Fh -ASFR3=0180h-019Fh \
  -ASFR4=0200h-021Fh -ASFR5=0280h-029Fh -ASFR6=0300h-031Fh \
  -ASFR7=0380h-039Fh -ASFR8=0400h-041Fh -ASFR9=0480h-049Fh \
  -ASFR10=0500h-051Fh -ASFR11=0580h-059Fh -ASFR12=0600h-061Fh \
  -ASFR13=0680h-06EFh -ASFR14=0700h-076Fh -ASFR15=0780h-07EFh \
  -ASFR16=0800h-086Fh -ASFR17=0880h-08EFh -ASFR18=0900h-096Fh \
  -ASFR19=0980h-09EFh -ASFR20=0A00h-0A6Fh -ASFR21=0A80h-0AEFh \
  -ASFR22=0B00h-0B6Fh -ASFR23=0B80h-0BEFh -ASFR24=0C00h-0C6Fh \
  -ASFR25=0C80h-0CEFh -ASFR26=0D00h-0D6Fh -ASFR27=0D80h-0DEFh \
  -ASFR28=0E00h-0E6Fh -ASFR29=0E80h-0EEFh -ASFR30=0F00h-0F6Fh \
  -ASFR31=0F80h-0FEFh -ACONFIG=08007h-08008h -DCONFIG=2 \
  -AIDLOC=08000h-08003h -DIDLOC=2 -AEEDATA=00h-0FFh/0F000h \
  -peeprom_data=EEDATA -DEEDATA=2 -DCODE=2 -DSTRCODE=2 -DSTRING=2 -DCONST=2 \
  -DENTRY=2 -preset_vec=00h,intentry,init,end_init -ppowerup=CODE \
  -pcinit=CODE -pfunctab=ENTRY -k C:\Users\harut\AppData\Local\Temp\sfks.o \
  dist/default/debug\SKT_mogi_vor1.X.debug.o 

Object code version is 3.11

Machine type is 16F1938



                Name                               Link     Load   Length Selector   Space Scale
C:\Users\harut\AppData\Local\Temp\sfks.o
                end_init                              2        2        2        0       0
                reset_vec                             0        0        2        0       0
                config                             8007     8007        2        0       4
dist/default/debug\SKT_mogi_vor1.X.debug.o
                cinit                               7CA      7CA       36      F94       0
                config                             8007     8007        2        0       4
                text10                              401      401      16A      802       0
                text9                               1C4      1C4       24      388       0
                text8                               152      152       13      2A4       0
                text7                               21E      21E       3C      43C       0
                text6                               165      165       1F      2CA       0
                text5                               184      184       20      308       0
                text4                               25A      25A       3D      4B4       0
                text3                               2DD      2DD       4B      5BA       0
                text2                               328      328       D9      650       0
                text1                               149      149        9      292       0
                maintext                            56B      56B      25F      AD6       0
                cstackBANK0                          20       20       32       20       1
                cstackCOMMON                         70       70        E       70       1
                clrtext                             13D      13D        6      27A       0
                inittext                            143      143        6      286       0
                dataBANK3                           1A0      1A0       20      1A0       1
                dataBANK2                           120      120       36      120       1
                dataBANK1                            A0       A0       46       A0       1
                bssBANK1                             E6       E6        6       A0       1
                bssBANK0                             52       52       1E       20       1
                idataBANK3                          1A4      1A4       20      348       0
                idataBANK2                          1E8      1E8       36      3D0       0
                idataBANK1                          297      297       46      52E       0

TOTAL           Name                               Link     Load   Length     Space
        CLASS   STACK          

        CLASS   CODE           
                end_init                              2        2        2         0
                cinit                               7CA      7CA       36         0
                reset_vec                             0        0        2         0
                text10                              401      401      16A         0
                text9                               1C4      1C4       24         0
                text8                               152      152       13         0
                text7                               21E      21E       3C         0
                text6                               165      165       1F         0
                text5                               184      184       20         0
                text4                               25A      25A       3D         0
                text3                               2DD      2DD       4B         0
                text2                               328      328       D9         0
                text1                               149      149        9         0
                maintext                            56B      56B      25F         0
                clrtext                             13D      13D        6         0
                inittext                            143      143        6         0
                idataBANK3                          1A4      1A4       20         0
                idataBANK2                          1E8      1E8       36         0
                idataBANK1                          297      297       46         0

        CLASS   STRCODE        

        CLASS   STRING         

        CLASS   CONST          

        CLASS   ENTRY          

        CLASS   COMMON         
                cstackCOMMON                         70       70        E         1

        CLASS   BANK0          
                cstackBANK0                          20       20       32         1
                bssBANK0                             52       52       1E         1

        CLASS   BANK1          
                dataBANK1                            A0       A0       46         1
                bssBANK1                             E6       E6        6         1

        CLASS   BANK2          
                dataBANK2                           120      120       36         1

        CLASS   BANK3          
                dataBANK3                           1A0      1A0       20         1

        CLASS   BANK4          

        CLASS   BANK5          

        CLASS   BANK6          

        CLASS   BANK7          

        CLASS   BANK8          

        CLASS   BANK9          

        CLASS   BANK10         

        CLASS   BANK11         

        CLASS   BANK12         

        CLASS   BIGRAM         

        CLASS   RAM            

        CLASS   ABS1           
                abs_s1                               7E       7E        2         1

        CLASS   SFR0           

        CLASS   SFR1           

        CLASS   SFR2           

        CLASS   SFR3           

        CLASS   SFR4           

        CLASS   SFR5           

        CLASS   SFR6           

        CLASS   SFR7           

        CLASS   SFR8           

        CLASS   SFR9           

        CLASS   SFR10          

        CLASS   SFR11          

        CLASS   SFR12          

        CLASS   SFR13          

        CLASS   SFR14          

        CLASS   SFR15          

        CLASS   SFR16          

        CLASS   SFR17          

        CLASS   SFR18          

        CLASS   SFR19          

        CLASS   SFR20          

        CLASS   SFR21          

        CLASS   SFR22          

        CLASS   SFR23          

        CLASS   SFR24          

        CLASS   SFR25          

        CLASS   SFR26          

        CLASS   SFR27          

        CLASS   SFR28          

        CLASS   SFR29          

        CLASS   SFR30          

        CLASS   SFR31          

        CLASS   CONFIG         
                config                             8007     8007        2         4

        CLASS   IDLOC          

        CLASS   EEDATA         

        CLASS   BANK31         

        CLASS   BANK30         

        CLASS   BANK29         

        CLASS   BANK28         

        CLASS   BANK27         

        CLASS   BANK26         

        CLASS   BANK25         

        CLASS   BANK24         

        CLASS   BANK23         

        CLASS   BANK22         

        CLASS   BANK21         

        CLASS   BANK20         

        CLASS   BANK19         

        CLASS   BANK18         

        CLASS   BANK17         

        CLASS   BANK16         

        CLASS   BANK15         

        CLASS   BANK14         

        CLASS   BANK13         



SEGMENTS        Name                           Load    Length   Top    Selector   Space  Class     Delta

                reset_vec                      000000  000004  000004         0       0  CODE        2
                cstackBANK0                    000020  000050  000070        20       1  BANK0       1
                cstackCOMMON                   000070  00000E  00007E        70       1  COMMON      1
                dataBANK1                      0000A0  00004C  0000EC        A0       1  BANK1       1
                dataBANK2                      000120  000036  000156       120       1  BANK2       1
                dataBANK3                      0001A0  000020  0001C0       1A0       1  BANK3       1
                clrtext                        00013D  000006  000143       27A       0  CODE        2
                inittext                       000143  000006  000149       286       0  CODE        2
                text1                          000149  000009  000152       292       0  CODE        2
                text8                          000152  000013  000165       2A4       0  CODE        2
                text6                          000165  00001F  000184       2CA       0  CODE        2
                text5                          000184  000020  0001A4       308       0  CODE        2
                idataBANK3                     0001A4  000020  0001C4       348       0  CODE        2
                text9                          0001C4  000024  0001E8       388       0  CODE        2
                idataBANK2                     0001E8  000036  00021E       3D0       0  CODE        2
                text7                          00021E  00003C  00025A       43C       0  CODE        2
                text4                          00025A  00003D  000297       4B4       0  CODE        2
                idataBANK1                     000297  000046  0002DD       52E       0  CODE        2
                text3                          0002DD  00004B  000328       5BA       0  CODE        2
                text2                          000328  0000D9  000401       650       0  CODE        2
                text10                         000401  00016A  00056B       802       0  CODE        2
                maintext                       00056B  00025F  0007CA       AD6       0  CODE        2
                cinit                          0007CA  000036  000800       F94       0  CODE        2


UNUSED ADDRESS RANGES

        Name                Unused          Largest block    Delta
        BANK1            000EC-000EF               4           1
        BANK10           00520-0056F              50           1
        BANK11           005A0-005EF              50           1
        BANK12           00620-0064F              30           1
        BANK2            00156-0016F              1A           1
        BANK3            001C0-001EF              30           1
        BANK4            00220-0026F              50           1
        BANK5            002A0-002EF              50           1
        BANK6            00320-0036F              50           1
        BANK7            003A0-003EF              50           1
        BANK8            00420-0046F              50           1
        BANK9            004A0-004EF              50           1
        BIGRAM           02000-023EF             3F0           1
        CODE             00004-0013C             139           2
                         00800-03FFF             800
        CONST            00004-0013C              FC           2
                         00800-03FFF             100
        EEDATA           0F000-0F0FF             100           2
        ENTRY            00004-0013C              FC           2
                         00800-03FFF             100
        IDLOC            08000-08003               4           2
        RAM              000EC-000EF               4           1
                         00156-0016F              1A
                         001C0-001EF              30
                         00220-0026F              50
                         002A0-002EF              50
                         00320-0036F              50
                         003A0-003EF              50
                         00420-0046F              50
                         004A0-004EF              50
                         00520-0056F              50
                         005A0-005EF              50
                         00620-0064F              30
        SFR0             00000-0001F              20           1
        SFR1             00080-0009F              20           1
        SFR10            00500-0051F              20           1
        SFR11            00580-0059F              20           1
        SFR12            00600-0061F              20           1
        SFR13            00680-006EF              70           1
        SFR14            00700-0076F              70           1
        SFR15            00780-007EF              70           1
        SFR16            00800-0086F              70           1
        SFR17            00880-008EF              70           1
        SFR18            00900-0096F              70           1
        SFR19            00980-009EF              70           1
        SFR2             00100-0011F              20           1
        SFR20            00A00-00A6F              70           1
        SFR21            00A80-00AEF              70           1
        SFR22            00B00-00B6F              70           1
        SFR23            00B80-00BEF              70           1
        SFR24            00C00-00C6F              70           1
        SFR25            00C80-00CEF              70           1
        SFR26            00D00-00D6F              70           1
        SFR27            00D80-00DEF              70           1
        SFR28            00E00-00E6F              70           1
        SFR29            00E80-00EEF              70           1
        SFR3             00180-0019F              20           1
        SFR30            00F00-00F6F              70           1
        SFR31            00F80-00FEF              70           1
        SFR4             00200-0021F              20           1
        SFR5             00280-0029F              20           1
        SFR6             00300-0031F              20           1
        SFR7             00380-0039F              20           1
        SFR8             00400-0041F              20           1
        SFR9             00480-0049F              20           1
        STACK            02110-023EF             2E0           1
        STRCODE          00004-0013C             139           2
                         00800-03FFF            3800
        STRING           00004-0013C              FC           2
                         00800-03FFF             100

                                  Symbol Table

?___lwdiv                cstackCOMMON 00070
?___wmul                 cstackCOMMON 00078
?_waitSEGStop            cstackBANK0  00028
_ANSELA                  (abs)        0018C
_ANSELB                  (abs)        0018D
_OSCCON                  (abs)        00099
_PORTA                   (abs)        0000C
_PORTB                   (abs)        0000D
_PORTC                   (abs)        0000E
_RA0                     (abs)        00060
_RA1                     (abs)        00061
_RA2                     (abs)        00062
_RC0                     (abs)        00070
_RC1                     (abs)        00071
_RC2                     (abs)        00072
_RC5                     (abs)        00075
_RC6                     (abs)        00076
_RC7                     (abs)        00077
_TRISA                   (abs)        0008C
_TRISB                   (abs)        0008D
_TRISC                   (abs)        0008E
__Habs1                  abs1         00000
__Hbank0                 bank0        00000
__Hbank1                 bank1        00000
__Hbank10                bank10       00000
__Hbank11                bank11       00000
__Hbank12                bank12       00000
__Hbank13                bank13       00000
__Hbank14                bank14       00000
__Hbank15                bank15       00000
__Hbank16                bank16       00000
__Hbank17                bank17       00000
__Hbank18                bank18       00000
__Hbank19                bank19       00000
__Hbank2                 bank2        00000
__Hbank20                bank20       00000
__Hbank21                bank21       00000
__Hbank22                bank22       00000
__Hbank23                bank23       00000
__Hbank24                bank24       00000
__Hbank25                bank25       00000
__Hbank26                bank26       00000
__Hbank27                bank27       00000
__Hbank28                bank28       00000
__Hbank29                bank29       00000
__Hbank3                 bank3        00000
__Hbank30                bank30       00000
__Hbank31                bank31       00000
__Hbank4                 bank4        00000
__Hbank5                 bank5        00000
__Hbank6                 bank6        00000
__Hbank7                 bank7        00000
__Hbank8                 bank8        00000
__Hbank9                 bank9        00000
__Hbigram                bigram       00000
__HbssBANK0              bssBANK0     00000
__HbssBANK1              bssBANK1     00000
__Hcinit                 cinit        00800
__Hclrtext               clrtext      00000
__Hcode                  code         00000
__Hcommon                common       00000
__Hconfig                config       08009
__HcstackBANK0           cstackBANK0  00000
__HcstackCOMMON          cstackCOMMON 00000
__HdataBANK1             dataBANK1    00000
__HdataBANK2             dataBANK2    00000
__HdataBANK3             dataBANK3    00000
__Heeprom_data           eeprom_data  00000
__Hend_init              end_init     00004
__Hfunctab               functab      00000
__HidataBANK1            idataBANK1   00000
__HidataBANK2            idataBANK2   00000
__HidataBANK3            idataBANK3   00000
__Hinit                  init         00002
__Hinittext              inittext     00000
__Hintentry              intentry     00002
__Hmaintext              maintext     00000
__Hpowerup               powerup      00000
__Hram                   ram          00000
__Hreset_vec             reset_vec    00002
__Hsfr0                  sfr0         00000
__Hsfr1                  sfr1         00000
__Hsfr10                 sfr10        00000
__Hsfr11                 sfr11        00000
__Hsfr12                 sfr12        00000
__Hsfr13                 sfr13        00000
__Hsfr14                 sfr14        00000
__Hsfr15                 sfr15        00000
__Hsfr16                 sfr16        00000
__Hsfr17                 sfr17        00000
__Hsfr18                 sfr18        00000
__Hsfr19                 sfr19        00000
__Hsfr2                  sfr2         00000
__Hsfr20                 sfr20        00000
__Hsfr21                 sfr21        00000
__Hsfr22                 sfr22        00000
__Hsfr23                 sfr23        00000
__Hsfr24                 sfr24        00000
__Hsfr25                 sfr25        00000
__Hsfr26                 sfr26        00000
__Hsfr27                 sfr27        00000
__Hsfr28                 sfr28        00000
__Hsfr29                 sfr29        00000
__Hsfr3                  sfr3         00000
__Hsfr30                 sfr30        00000
__Hsfr31                 sfr31        00000
__Hsfr4                  sfr4         00000
__Hsfr5                  sfr5         00000
__Hsfr6                  sfr6         00000
__Hsfr7                  sfr7         00000
__Hsfr8                  sfr8         00000
__Hsfr9                  sfr9         00000
__Hspace_0               (abs)        00800
__Hspace_1               (abs)        001C0
__Hspace_2               (abs)        00000
__Hspace_3               (abs)        00000
__Hspace_4               (abs)        10010
__Hstack                 stack        00000
__Hstrings               strings      00000
__Htext                  text         00000
__Labs1                  abs1         00000
__Lbank0                 bank0        00000
__Lbank1                 bank1        00000
__Lbank10                bank10       00000
__Lbank11                bank11       00000
__Lbank12                bank12       00000
__Lbank13                bank13       00000
__Lbank14                bank14       00000
__Lbank15                bank15       00000
__Lbank16                bank16       00000
__Lbank17                bank17       00000
__Lbank18                bank18       00000
__Lbank19                bank19       00000
__Lbank2                 bank2        00000
__Lbank20                bank20       00000
__Lbank21                bank21       00000
__Lbank22                bank22       00000
__Lbank23                bank23       00000
__Lbank24                bank24       00000
__Lbank25                bank25       00000
__Lbank26                bank26       00000
__Lbank27                bank27       00000
__Lbank28                bank28       00000
__Lbank29                bank29       00000
__Lbank3                 bank3        00000
__Lbank30                bank30       00000
__Lbank31                bank31       00000
__Lbank4                 bank4        00000
__Lbank5                 bank5        00000
__Lbank6                 bank6        00000
__Lbank7                 bank7        00000
__Lbank8                 bank8        00000
__Lbank9                 bank9        00000
__Lbigram                bigram       00000
__LbssBANK0              bssBANK0     00000
__LbssBANK1              bssBANK1     00000
__Lcinit                 cinit        007CA
__Lclrtext               clrtext      00000
__Lcode                  code         00000
__Lcommon                common       00000
__Lconfig                config       00000
__LcstackBANK0           cstackBANK0  00000
__LcstackCOMMON          cstackCOMMON 00000
__LdataBANK1             dataBANK1    00000
__LdataBANK2             dataBANK2    00000
__LdataBANK3             dataBANK3    00000
__Leeprom_data           eeprom_data  00000
__Lend_init              end_init     00002
__Lfunctab               functab      00000
__LidataBANK1            idataBANK1   00000
__LidataBANK2            idataBANK2   00000
__LidataBANK3            idataBANK3   00000
__Linit                  init         00002
__Linittext              inittext     00000
__Lintentry              intentry     00002
__Lmaintext              maintext     00000
__Lpowerup               powerup      00000
__Lram                   ram          00000
__Lreset_vec             reset_vec    00000
__Lsfr0                  sfr0         00000
__Lsfr1                  sfr1         00000
__Lsfr10                 sfr10        00000
__Lsfr11                 sfr11        00000
__Lsfr12                 sfr12        00000
__Lsfr13                 sfr13        00000
__Lsfr14                 sfr14        00000
__Lsfr15                 sfr15        00000
__Lsfr16                 sfr16        00000
__Lsfr17                 sfr17        00000
__Lsfr18                 sfr18        00000
__Lsfr19                 sfr19        00000
__Lsfr2                  sfr2         00000
__Lsfr20                 sfr20        00000
__Lsfr21                 sfr21        00000
__Lsfr22                 sfr22        00000
__Lsfr23                 sfr23        00000
__Lsfr24                 sfr24        00000
__Lsfr25                 sfr25        00000
__Lsfr26                 sfr26        00000
__Lsfr27                 sfr27        00000
__Lsfr28                 sfr28        00000
__Lsfr29                 sfr29        00000
__Lsfr3                  sfr3         00000
__Lsfr30                 sfr30        00000
__Lsfr31                 sfr31        00000
__Lsfr4                  sfr4         00000
__Lsfr5                  sfr5         00000
__Lsfr6                  sfr6         00000
__Lsfr7                  sfr7         00000
__Lsfr8                  sfr8         00000
__Lsfr9                  sfr9         00000
__Lspace_0               (abs)        00000
__Lspace_1               (abs)        00000
__Lspace_2               (abs)        00000
__Lspace_3               (abs)        00000
__Lspace_4               (abs)        00000
__Lstack                 stack        00000
__Lstrings               strings      00000
__Ltext                  text         00000
__S0                     (abs)        00800
__S1                     (abs)        001C0
__S2                     (abs)        00000
__S3                     (abs)        00000
___int_sp                stack        00000
___latbits               (abs)        00003
___lwdiv                 text7        0021E
___lwdiv@counter         cstackCOMMON 00077
___lwdiv@dividend        cstackCOMMON 00072
___lwdiv@divisor         cstackCOMMON 00070
___lwdiv@quotient        cstackCOMMON 00075
___sp                    stack        00000
___stackhi               (abs)        023EF
___stacklo               (abs)        02110
___wmul                  text6        00165
___wmul@multiplicand     cstackCOMMON 0007A
___wmul@multiplier       cstackCOMMON 00078
___wmul@product          cstackCOMMON 0007C
__end_of___lwdiv         text7        0025A
__end_of___wmul          text6        00184
__end_of__initialization cinit        007FD
__end_of_dynam           text10       0056B
__end_of_fclr            text5        001A4
__end_of_main            maintext     007CA
__end_of_motor           text9        001E8
__end_of_portinit        text8        00165
__end_of_tact            text3        00328
__end_of_tactsw          text4        00297
__end_of_waitSEGStop     text2        00401
__end_of_zenoff          text1        00152
__initialization         cinit        007CA
__pbssBANK0              bssBANK0     00052
__pbssBANK1              bssBANK1     000E6
__pcstackBANK0           cstackBANK0  00020
__pcstackCOMMON          cstackCOMMON 00070
__pdataBANK1             dataBANK1    000A0
__pdataBANK2             dataBANK2    00120
__pdataBANK3             dataBANK3    001A0
__pidataBANK1            idataBANK1   00297
__pidataBANK2            idataBANK2   001E8
__pidataBANK3            idataBANK3   001A4
__pmaintext              maintext     0056B
__ptext1                 text1        00149
__ptext10                text10       00401
__ptext2                 text2        00328
__ptext3                 text3        002DD
__ptext4                 text4        0025A
__ptext5                 text5        00184
__ptext6                 text6        00165
__ptext7                 text7        0021E
__ptext8                 text8        00152
__ptext9                 text9        001C4
__size_of___lwdiv        (abs)        00000
__size_of___wmul         (abs)        00000
__size_of_dynam          (abs)        00000
__size_of_fclr           (abs)        00000
__size_of_main           (abs)        00000
__size_of_motor          (abs)        00000
__size_of_portinit       (abs)        00000
__size_of_tact           (abs)        00000
__size_of_tactsw         (abs)        00000
__size_of_waitSEGStop    (abs)        00000
__size_of_zenoff         (abs)        00000
_atai                    bssBANK0     0005A
_atai1                   bssBANK0     0005C
_atai10                  bssBANK0     0005E
_ccw                     bssBANK0     00060
_code1                   bssBANK1     000E6
_code10                  bssBANK1     000E8
_code100                 bssBANK1     000EA
_code1000                bssBANK0     00056
_count                   bssBANK0     00058
_cw                      bssBANK0     00062
_dynam                   text10       00401
_fclr                    text5        00184
_flag_P                  bssBANK0     00066
_flag_R                  bssBANK0     00068
_flag_sw3                bssBANK0     0006A
_flg                     bssBANK0     00064
_fugou                   bssBANK0     00054
_main                    maintext     0056B
_motor                   text9        001C4
_num0                    dataBANK1    000C0
_portinit                text8        00152
_samp                    dataBANK1    000A0
_tact                    text3        002DD
_tactsw                  text4        0025A
_waitSEGStop             text2        00328
_zenoff                  text1        00149
_zyoutai                 bssBANK0     00052
btemp                    (abs)        0007E
clear_ram0               clrtext      0013D
dynam@dig1data           cstackCOMMON 00070
dynam@dig2data           cstackCOMMON 00072
dynam@ext                cstackBANK0  00026
dynam@j                  cstackBANK0  00024
dynam@smd                cstackBANK0  00020
dynam@smdata             cstackCOMMON 00074
dynam@tm                 cstackBANK0  00022
dynam@tr                 cstackCOMMON 00076
end_of_initialization    cinit        007FD
fclr@flg                 cstackCOMMON 00070
init_ram                 inittext     00143
intlevel0                functab      00000
intlevel1                functab      00000
intlevel2                functab      00000
intlevel3                functab      00000
intlevel4                functab      00000
intlevel5                functab      00000
main@ans                 cstackBANK0  0004E
main@i                   cstackBANK0  00050
motor@dig1data           cstackBANK0  0002A
motor@dig2data           cstackBANK0  0002C
motor@i                  cstackBANK0  00032
motor@kakudo             cstackBANK0  00028
motor@smdata             cstackBANK0  0002E
motor@tr                 cstackBANK0  00030
reset_vec                reset_vec    00000
start                    init         00002
start_initialization     cinit        007CA
tact@mode                cstackCOMMON 00078
tactsw@a                 cstackCOMMON 00076
tactsw@b                 cstackCOMMON 00072
tactsw@c                 cstackCOMMON 00074
waitSEGStop@cpSW1        cstackBANK0  00032
waitSEGStop@cpSW2        cstackBANK0  00034
waitSEGStop@cpSW3        cstackBANK0  00036
waitSEGStop@dousa        cstackBANK0  0002E
waitSEGStop@i            cstackBANK0  00038
waitSEGStop@seg1         cstackBANK0  00028
waitSEGStop@seg2         cstackBANK0  0002A
waitSEGStop@wt           cstackBANK0  0002C
wtemp0                   (abs)        0007E


FUNCTION INFORMATION:

 *************** function _main *****************
 Defined at:
		line 770 in file "Q4.c"
 Parameters:    Size  Location     Type
		None
 Auto vars:     Size  Location     Type
  i               2   48[BANK0 ] int 
  ans             2   46[BANK0 ] int 
  ataiR           2    0        int 
  ataiL           2    0        int 
  segR            2    0        unsigned short 
  segL            2    0        unsigned short 
  time            2    0        int 
  n               2    0        int 
  m               2    0        int 
  k               2    0        int 
  j               2    0        int 
 Return value:  Size  Location     Type
                  1    wreg      void 
 Registers used:
		wreg, fsr0l, fsr0h, fsr1l, fsr1h, status,2, status,0, pclath, cstack
 Tracked objects:
		On entry : 
		On exit  : 
		Unchanged: 
 Data sizes:     COMMON   BANK0   BANK1   BANK2   BANK3   BANK4   BANK5   BANK6   BANK7   BANK8   BANK9  BANK10  BANK11  BANK12
      Params:         0       0       0       0       0       0       0       0       0       0       0       0       0       0
      Locals:         0      22       0       0       0       0       0       0       0       0       0       0       0       0
      Temps:          0       2       0       0       0       0       0       0       0       0       0       0       0       0
      Totals:         0      24       0       0       0       0       0       0       0       0       0       0       0       0
Total ram usage:       24 bytes
 Hardware stack levels required when called:    3
 This function calls:
		___wmul
		_dynam
		_fclr
		_motor
		_portinit
		_waitSEGStop
		_zenoff
 This function is called by:
		Startup code after reset
 This function uses a non-reentrant model


 *************** function _zenoff *****************
 Defined at:
		line 195 in file "Q4.c"
 Parameters:    Size  Location     Type
		None
 Auto vars:     Size  Location     Type
		None
 Return value:  Size  Location     Type
                  1    wreg      void 
 Registers used:
		status,2
 Tracked objects:
		On entry : 
		On exit  : 
		Unchanged: 
 Data sizes:     COMMON   BANK0   BANK1   BANK2   BANK3   BANK4   BANK5   BANK6   BANK7   BANK8   BANK9  BANK10  BANK11  BANK12
      Params:         0       0       0       0       0       0       0       0       0       0       0       0       0       0
      Locals:         0       0       0       0       0       0       0       0       0       0       0       0       0       0
      Temps:          0       0       0       0       0       0       0       0       0       0       0       0       0       0
      Totals:         0       0       0       0       0       0       0       0       0       0       0       0       0       0
Total ram usage:        0 bytes
 Hardware stack levels used:    1
 This function calls:
		Nothing
 This function is called by:
		_main
 This function uses a non-reentrant model


 *************** function _waitSEGStop *****************
 Defined at:
		line 464 in file "Q4.c"
 Parameters:    Size  Location     Type
  seg1            2    8[BANK0 ] unsigned short 
  seg2            2   10[BANK0 ] unsigned short 
  wt              2   12[BANK0 ] unsigned short 
  dousa           2   14[BANK0 ] int 
 Auto vars:     Size  Location     Type
  i               2   24[BANK0 ] unsigned int 
  cpSW3           2   22[BANK0 ] int 
  cpSW2           2   20[BANK0 ] int 
  cpSW1           2   18[BANK0 ] int 
 Return value:  Size  Location     Type
                  2    8[BANK0 ] int 
 Registers used:
		wreg, fsr0l, fsr0h, status,2, status,0, pclath, cstack
 Tracked objects:
		On entry : 
		On exit  : 
		Unchanged: 
 Data sizes:     COMMON   BANK0   BANK1   BANK2   BANK3   BANK4   BANK5   BANK6   BANK7   BANK8   BANK9  BANK10  BANK11  BANK12
      Params:         0       8       0       0       0       0       0       0       0       0       0       0       0       0
      Locals:         0       8       0       0       0       0       0       0       0       0       0       0       0       0
      Temps:          0       2       0       0       0       0       0       0       0       0       0       0       0       0
      Totals:         0      18       0       0       0       0       0       0       0       0       0       0       0       0
Total ram usage:       18 bytes
 Hardware stack levels used:    1
 Hardware stack levels required when called:    2
 This function calls:
		___lwdiv
		___wmul
		_dynam
		_fclr
		_tact
 This function is called by:
		_main
 This function uses a non-reentrant model


 *************** function _tact *****************
 Defined at:
		line 346 in file "Q4.c"
 Parameters:    Size  Location     Type
  mode            2    8[COMMON] unsigned short 
 Auto vars:     Size  Location     Type
		None
 Return value:  Size  Location     Type
                  1    wreg      void 
 Registers used:
		wreg, fsr0l, fsr0h, status,2, status,0, pclath, cstack
 Tracked objects:
		On entry : 
		On exit  : 
		Unchanged: 
 Data sizes:     COMMON   BANK0   BANK1   BANK2   BANK3   BANK4   BANK5   BANK6   BANK7   BANK8   BANK9  BANK10  BANK11  BANK12
      Params:         2       0       0       0       0       0       0       0       0       0       0       0       0       0
      Locals:         0       0       0       0       0       0       0       0       0       0       0       0       0       0
      Temps:          0       0       0       0       0       0       0       0       0       0       0       0       0       0
      Totals:         2       0       0       0       0       0       0       0       0       0       0       0       0       0
Total ram usage:        2 bytes
 Hardware stack levels used:    1
 Hardware stack levels required when called:    1
 This function calls:
		_tactsw
 This function is called by:
		_waitSEGStop
		_kaisu
		_motorStop
		_buzzStop
 This function uses a non-reentrant model


 *************** function _tactsw *****************
 Defined at:
		line 331 in file "Q4.c"
 Parameters:    Size  Location     Type
		None
 Auto vars:     Size  Location     Type
  a               2    6[COMMON] unsigned short 
  c               2    4[COMMON] unsigned short 
  b               2    2[COMMON] unsigned short 
 Return value:  Size  Location     Type
                  1    wreg      void 
 Registers used:
		wreg, status,2, status,0
 Tracked objects:
		On entry : 
		On exit  : 
		Unchanged: 
 Data sizes:     COMMON   BANK0   BANK1   BANK2   BANK3   BANK4   BANK5   BANK6   BANK7   BANK8   BANK9  BANK10  BANK11  BANK12
      Params:         0       0       0       0       0       0       0       0       0       0       0       0       0       0
      Locals:         6       0       0       0       0       0       0       0       0       0       0       0       0       0
      Temps:          2       0       0       0       0       0       0       0       0       0       0       0       0       0
      Totals:         8       0       0       0       0       0       0       0       0       0       0       0       0       0
Total ram usage:        8 bytes
 Hardware stack levels used:    1
 This function calls:
		Nothing
 This function is called by:
		_tact
 This function uses a non-reentrant model


 *************** function _fclr *****************
 Defined at:
		line 369 in file "Q4.c"
 Parameters:    Size  Location     Type
  flg             2    0[COMMON] unsigned short 
 Auto vars:     Size  Location     Type
		None
 Return value:  Size  Location     Type
                  1    wreg      void 
 Registers used:
		wreg, fsr0l, fsr0h, status,2, status,0
 Tracked objects:
		On entry : 
		On exit  : 
		Unchanged: 
 Data sizes:     COMMON   BANK0   BANK1   BANK2   BANK3   BANK4   BANK5   BANK6   BANK7   BANK8   BANK9  BANK10  BANK11  BANK12
      Params:         2       0       0       0       0       0       0       0       0       0       0       0       0       0
      Locals:         0       0       0       0       0       0       0       0       0       0       0       0       0       0
      Temps:          0       0       0       0       0       0       0       0       0       0       0       0       0       0
      Totals:         2       0       0       0       0       0       0       0       0       0       0       0       0       0
Total ram usage:        2 bytes
 Hardware stack levels used:    1
 This function calls:
		Nothing
 This function is called by:
		_waitSEGStop
		_main
		_kaisu
		_motorStop
		_buzzStop
 This function uses a non-reentrant model


 *************** function ___wmul *****************
 Defined at:
		line 15 in file "C:\Program Files\Microchip\xc8\v2.31\pic\sources\c99\common\Umul16.c"
 Parameters:    Size  Location     Type
  multiplier      2    8[COMMON] unsigned int 
  multiplicand    2   10[COMMON] unsigned int 
 Auto vars:     Size  Location     Type
  product         2   12[COMMON] unsigned int 
 Return value:  Size  Location     Type
                  2    8[COMMON] unsigned int 
 Registers used:
		wreg, status,2, status,0
 Tracked objects:
		On entry : 
		On exit  : 
		Unchanged: 
 Data sizes:     COMMON   BANK0   BANK1   BANK2   BANK3   BANK4   BANK5   BANK6   BANK7   BANK8   BANK9  BANK10  BANK11  BANK12
      Params:         4       0       0       0       0       0       0       0       0       0       0       0       0       0
      Locals:         2       0       0       0       0       0       0       0       0       0       0       0       0       0
      Temps:          0       0       0       0       0       0       0       0       0       0       0       0       0       0
      Totals:         6       0       0       0       0       0       0       0       0       0       0       0       0       0
Total ram usage:        6 bytes
 Hardware stack levels used:    1
 This function calls:
		Nothing
 This function is called by:
		_waitSEGStop
		_main
		_wait
		_hen7
		_hens
 This function uses a non-reentrant model


 *************** function ___lwdiv *****************
 Defined at:
		line 5 in file "C:\Program Files\Microchip\xc8\v2.31\pic\sources\c99\common\lwdiv.c"
 Parameters:    Size  Location     Type
  divisor         2    0[COMMON] unsigned int 
  dividend        2    2[COMMON] unsigned int 
 Auto vars:     Size  Location     Type
  quotient        2    5[COMMON] unsigned int 
  counter         1    7[COMMON] unsigned char 
 Return value:  Size  Location     Type
                  2    0[COMMON] unsigned int 
 Registers used:
		wreg, status,2, status,0
 Tracked objects:
		On entry : 
		On exit  : 
		Unchanged: 
 Data sizes:     COMMON   BANK0   BANK1   BANK2   BANK3   BANK4   BANK5   BANK6   BANK7   BANK8   BANK9  BANK10  BANK11  BANK12
      Params:         4       0       0       0       0       0       0       0       0       0       0       0       0       0
      Locals:         3       0       0       0       0       0       0       0       0       0       0       0       0       0
      Temps:          1       0       0       0       0       0       0       0       0       0       0       0       0       0
      Totals:         8       0       0       0       0       0       0       0       0       0       0       0       0       0
Total ram usage:        8 bytes
 Hardware stack levels used:    1
 This function calls:
		Nothing
 This function is called by:
		_waitSEGStop
		_waitSEG
 This function uses a non-reentrant model


 *************** function _portinit *****************
 Defined at:
		line 160 in file "Q4.c"
 Parameters:    Size  Location     Type
		None
 Auto vars:     Size  Location     Type
		None
 Return value:  Size  Location     Type
                  1    wreg      void 
 Registers used:
		wreg, status,2
 Tracked objects:
		On entry : 
		On exit  : 
		Unchanged: 
 Data sizes:     COMMON   BANK0   BANK1   BANK2   BANK3   BANK4   BANK5   BANK6   BANK7   BANK8   BANK9  BANK10  BANK11  BANK12
      Params:         0       0       0       0       0       0       0       0       0       0       0       0       0       0
      Locals:         0       0       0       0       0       0       0       0       0       0       0       0       0       0
      Temps:          0       0       0       0       0       0       0       0       0       0       0       0       0       0
      Totals:         0       0       0       0       0       0       0       0       0       0       0       0       0       0
Total ram usage:        0 bytes
 Hardware stack levels used:    1
 This function calls:
		Nothing
 This function is called by:
		_main
 This function uses a non-reentrant model


 *************** function _motor *****************
 Defined at:
		line 513 in file "Q4.c"
 Parameters:    Size  Location     Type
  kakudo          2    8[BANK0 ] int 
  dig1data        2   10[BANK0 ] unsigned short 
  dig2data        2   12[BANK0 ] unsigned short 
  smdata          2   14[BANK0 ] unsigned short 
  tr              2   16[BANK0 ] unsigned int 
 Auto vars:     Size  Location     Type
  i               2   18[BANK0 ] int 
 Return value:  Size  Location     Type
                  1    wreg      void 
 Registers used:
		wreg, fsr0l, fsr0h, status,2, status,0, pclath, cstack
 Tracked objects:
		On entry : 
		On exit  : 
		Unchanged: 
 Data sizes:     COMMON   BANK0   BANK1   BANK2   BANK3   BANK4   BANK5   BANK6   BANK7   BANK8   BANK9  BANK10  BANK11  BANK12
      Params:         0      10       0       0       0       0       0       0       0       0       0       0       0       0
      Locals:         0       2       0       0       0       0       0       0       0       0       0       0       0       0
      Temps:          0       0       0       0       0       0       0       0       0       0       0       0       0       0
      Totals:         0      12       0       0       0       0       0       0       0       0       0       0       0       0
Total ram usage:       12 bytes
 Hardware stack levels used:    1
 Hardware stack levels required when called:    1
 This function calls:
		_dynam
 This function is called by:
		_main
 This function uses a non-reentrant model


 *************** function _dynam *****************
 Defined at:
		line 206 in file "Q4.c"
 Parameters:    Size  Location     Type
  dig1data        2    0[COMMON] unsigned short 
  dig2data        2    2[COMMON] unsigned short 
  smdata          2    4[COMMON] unsigned short 
  tr              2    6[COMMON] unsigned int 
 Auto vars:     Size  Location     Type
  ext             2    6[BANK0 ] unsigned short 
  j               2    4[BANK0 ] unsigned int 
  tm              2    2[BANK0 ] unsigned int 
  smd             2    0[BANK0 ] unsigned short 
 Return value:  Size  Location     Type
                  1    wreg      void 
 Registers used:
		wreg, fsr0l, fsr0h, status,2, status,0
 Tracked objects:
		On entry : 
		On exit  : 
		Unchanged: 
 Data sizes:     COMMON   BANK0   BANK1   BANK2   BANK3   BANK4   BANK5   BANK6   BANK7   BANK8   BANK9  BANK10  BANK11  BANK12
      Params:         8       0       0       0       0       0       0       0       0       0       0       0       0       0
      Locals:         0       8       0       0       0       0       0       0       0       0       0       0       0       0
      Temps:          0       0       0       0       0       0       0       0       0       0       0       0       0       0
      Totals:         8       8       0       0       0       0       0       0       0       0       0       0       0       0
Total ram usage:       16 bytes
 Hardware stack levels used:    1
 This function calls:
		Nothing
 This function is called by:
		_waitSEGStop
		_motor
		_main
		_clear
		_waitSEG
		_motorStop
 This function uses a non-reentrant model



MODULE INFORMATION

Module		Function		Class		Link	Load	Size
Q4.c
		_main          		CODE           	056B	0000	607
		_tactsw        		CODE           	025A	0000	61
		_zenoff        		CODE           	0149	0000	9
		_dynam         		CODE           	0401	0000	362
		_tact          		CODE           	02DD	0000	75
		_portinit      		CODE           	0152	0000	19
		_fclr          		CODE           	0184	0000	32
		_motor         		CODE           	01C4	0000	36
		_waitSEGStop   		CODE           	0328	0000	217

Q4.c estimated size: 1418

shared
		__initialization		CODE           	07CA	0000	51

shared estimated size: 51

C:\Program Files\Microchip\xc8\v2.31\pic\sources\c99\common\lwdiv.c
		___lwdiv       		CODE           	021E	0000	60

C:\Program Files\Microchip\xc8\v2.31\pic\sources\c99\common\lwdiv.c estimated size: 60

C:\Program Files\Microchip\xc8\v2.31\pic\sources\c99\common\Umul16.c
		___wmul        		CODE           	0165	0000	31

C:\Program Files\Microchip\xc8\v2.31\pic\sources\c99\common\Umul16.c estimated size: 31

