Microchip MPLAB XC8 Compiler V2.32

Linker command line:

-W-3 --edf=/Applications/microchip/xc8/v2.32/pic/dat/en_msgs.txt -cn \
  -h+dist/default/production/SKT_mogi_vor1.X.production.sym \
  --cmf=dist/default/production/SKT_mogi_vor1.X.production.cmf -z -Q16F1938 \
  -o/tmp/xcASJFVAo --defsym=__MPLAB_BUILD=1 \
  -Mdist/default/production/SKT_mogi_vor1.X.production.map -E1 \
  -ver=XC8 Compiler --acfsm=1493 -ASTACK=02110h-023EFh -pstack=STACK \
  -ACODE=00h-07FFhx8 -ASTRCODE=00h-03FFFh -ASTRING=00h-0FFhx64 \
  -ACONST=00h-0FFhx64 -AENTRY=00h-0FFhx64 -ACOMMON=070h-07Fh \
  -ABANK0=020h-06Fh -ABANK1=0A0h-0EFh -ABANK2=0120h-016Fh \
  -ABANK3=01A0h-01EFh -ABANK4=0220h-026Fh -ABANK5=02A0h-02EFh \
  -ABANK6=0320h-036Fh -ABANK7=03A0h-03EFh -ABANK8=0420h-046Fh \
  -ABANK9=04A0h-04EFh -ABANK10=0520h-056Fh -ABANK11=05A0h-05EFh \
  -ABANK12=0620h-064Fh -ABIGRAM=02000h-023EFh \
  -ARAM=020h-06Fh,0A0h-0EFh,0120h-016Fh,01A0h-01EFh,0220h-026Fh,02A0h-02EFh,0320h-036Fh,03A0h-03EFh,0420h-046Fh,04A0h-04EFh,0520h-056Fh,05A0h-05EFh,0620h-064Fh \
  -AABS1=020h-07Fh,0A0h-0EFh,0120h-016Fh,01A0h-01EFh,0220h-026Fh,02A0h-02EFh,0320h-036Fh,03A0h-03EFh,0420h-046Fh,04A0h-04EFh,0520h-056Fh,05A0h-05EFh,0620h-064Fh \
  -ASFR0=00h-01Fh -ASFR1=080h-09Fh -ASFR2=0100h-011Fh -ASFR3=0180h-019Fh \
  -ASFR4=0200h-021Fh -ASFR5=0280h-029Fh -ASFR6=0300h-031Fh \
  -ASFR7=0380h-039Fh -ASFR8=0400h-041Fh -ASFR9=0480h-049Fh \
  -ASFR10=0500h-051Fh -ASFR11=0580h-059Fh -ASFR12=0600h-061Fh \
  -ASFR13=0680h-06EFh -ASFR14=0700h-076Fh -ASFR15=0780h-07EFh \
  -ASFR16=0800h-086Fh -ASFR17=0880h-08EFh -ASFR18=0900h-096Fh \
  -ASFR19=0980h-09EFh -ASFR20=0A00h-0A6Fh -ASFR21=0A80h-0AEFh \
  -ASFR22=0B00h-0B6Fh -ASFR23=0B80h-0BEFh -ASFR24=0C00h-0C6Fh \
  -ASFR25=0C80h-0CEFh -ASFR26=0D00h-0D6Fh -ASFR27=0D80h-0DEFh \
  -ASFR28=0E00h-0E6Fh -ASFR29=0E80h-0EEFh -ASFR30=0F00h-0F6Fh \
  -ASFR31=0F80h-0FEFh -ACONFIG=08007h-08008h -DCONFIG=2 \
  -AIDLOC=08000h-08003h -DIDLOC=2 -AEEDATA=00h-0FFh/0F000h \
  -peeprom_data=EEDATA -DEEDATA=2 -DCODE=2 -DSTRCODE=2 -DSTRING=2 -DCONST=2 \
  -DENTRY=2 -preset_vec=00h,intentry,init,end_init -ppowerup=CODE \
  -pcinit=CODE -pfunctab=ENTRY -k /tmp/xcth9CV0L.o \
  dist/default/production/SKT_mogi_vor1.X.production.o 

Object code version is 3.11

Machine type is 16F1938



                Name                               Link     Load   Length Selector   Space Scale
/tmp/xcth9CV0L.o
                end_init                              2        2        2        0       0
                reset_vec                             0        0        2        0       0
                config                             8007     8007        2        0       4
dist/default/production/SKT_mogi_vor1.X.production.o
                cinit                               7C5      7C5       3B      F8A       0
                config                             8007     8007        2        0       4
                text10                              391      391      16A      722       0
                text9                               140      140       24      280       0
                text8                                CE       CE       13      19C       0
                text7                               164      164       3C      2C8       0
                text6                                E1       E1       1F      1C2       0
                text5                               100      100       20      200       0
                text4                               1A0      1A0       3D      340       0
                text3                               269      269       4B      4D2       0
                text2                               2B4      2B4       DD      568       0
                text1                                C5       C5        9      18A       0
                maintext                            4FB      4FB      2CA      9F6       0
                cstackBANK0                          44       44       22       20       1
                cstackCOMMON                         70       70        E       70       1
                clrtext                              B1       B1        6      162       0
                inittext                             B7       B7        6      16E       0
                dataBANK3                           1A0      1A0       20      1A0       1
                dataBANK2                           120      120       44      120       1
                dataBANK1                            A0       A0       48       A0       1
                dataBANK0                            66       66        8       20       1
                bssBANK0                             20       20       24       20       1
                idataBANK3                          120      120       20      240       0
                idataBANK2                          1DD      1DD       44      3BA       0
                idataBANK1                          221      221       48      442       0
                idataBANK0                           BD       BD        8      17A       0

TOTAL           Name                               Link     Load   Length     Space
        CLASS   STACK          

        CLASS   CODE           
                end_init                              2        2        2         0
                cinit                               7C5      7C5       3B         0
                reset_vec                             0        0        2         0
                text10                              391      391      16A         0
                text9                               140      140       24         0
                text8                                CE       CE       13         0
                text7                               164      164       3C         0
                text6                                E1       E1       1F         0
                text5                               100      100       20         0
                text4                               1A0      1A0       3D         0
                text3                               269      269       4B         0
                text2                               2B4      2B4       DD         0
                text1                                C5       C5        9         0
                maintext                            4FB      4FB      2CA         0
                clrtext                              B1       B1        6         0
                inittext                             B7       B7        6         0
                idataBANK3                          120      120       20         0
                idataBANK2                          1DD      1DD       44         0
                idataBANK1                          221      221       48         0
                idataBANK0                           BD       BD        8         0

        CLASS   STRCODE        

        CLASS   STRING         

        CLASS   CONST          

        CLASS   ENTRY          

        CLASS   COMMON         
                cstackCOMMON                         70       70        E         1

        CLASS   BANK0          
                cstackBANK0                          44       44       22         1
                dataBANK0                            66       66        8         1
                bssBANK0                             20       20       24         1

        CLASS   BANK1          
                dataBANK1                            A0       A0       48         1

        CLASS   BANK2          
                dataBANK2                           120      120       44         1

        CLASS   BANK3          
                dataBANK3                           1A0      1A0       20         1

        CLASS   BANK4          

        CLASS   BANK5          

        CLASS   BANK6          

        CLASS   BANK7          

        CLASS   BANK8          

        CLASS   BANK9          

        CLASS   BANK10         

        CLASS   BANK11         

        CLASS   BANK12         

        CLASS   BIGRAM         

        CLASS   RAM            

        CLASS   ABS1           
                abs_s1                               7E       7E        2         1

        CLASS   SFR0           

        CLASS   SFR1           

        CLASS   SFR2           

        CLASS   SFR3           

        CLASS   SFR4           

        CLASS   SFR5           

        CLASS   SFR6           

        CLASS   SFR7           

        CLASS   SFR8           

        CLASS   SFR9           

        CLASS   SFR10          

        CLASS   SFR11          

        CLASS   SFR12          

        CLASS   SFR13          

        CLASS   SFR14          

        CLASS   SFR15          

        CLASS   SFR16          

        CLASS   SFR17          

        CLASS   SFR18          

        CLASS   SFR19          

        CLASS   SFR20          

        CLASS   SFR21          

        CLASS   SFR22          

        CLASS   SFR23          

        CLASS   SFR24          

        CLASS   SFR25          

        CLASS   SFR26          

        CLASS   SFR27          

        CLASS   SFR28          

        CLASS   SFR29          

        CLASS   SFR30          

        CLASS   SFR31          

        CLASS   CONFIG         
                config                             8007     8007        2         4

        CLASS   IDLOC          

        CLASS   EEDATA         

        CLASS   BANK31         

        CLASS   BANK30         

        CLASS   BANK29         

        CLASS   BANK28         

        CLASS   BANK27         

        CLASS   BANK26         

        CLASS   BANK25         

        CLASS   BANK24         

        CLASS   BANK23         

        CLASS   BANK22         

        CLASS   BANK21         

        CLASS   BANK20         

        CLASS   BANK19         

        CLASS   BANK18         

        CLASS   BANK17         

        CLASS   BANK16         

        CLASS   BANK15         

        CLASS   BANK14         

        CLASS   BANK13         



SEGMENTS        Name                           Load    Length   Top    Selector   Space  Class     Delta

                text6                          0000E1  00001F  000100       1C2       0  CODE        2
                text3                          000269  00004B  0002B4       4D2       0  CODE        2
                idataBANK1                     000221  000048  000269       442       0  CODE        2
                idataBANK2                     0001DD  000044  000221       3BA       0  CODE        2
                maintext                       0004FB  0002CA  0007C5       9F6       0  CODE        2
                text10                         000391  00016A  0004FB       722       0  CODE        2
                text2                          0002B4  0000DD  000391       568       0  CODE        2
                idataBANK3                     000120  000020  000140       240       0  CODE        2
                text5                          000100  000020  000120       200       0  CODE        2
                text4                          0001A0  00003D  0001DD       340       0  CODE        2
                text7                          000164  00003C  0001A0       2C8       0  CODE        2
                text9                          000140  000024  000164       280       0  CODE        2
                text8                          0000CE  000013  0000E1       19C       0  CODE        2
                inittext                       0000B7  000006  0000BD       16E       0  CODE        2
                reset_vec                      000000  000004  000004         0       0  CODE        2
                clrtext                        0000B1  000006  0000B7       162       0  CODE        2
                text1                          0000C5  000009  0000CE       18A       0  CODE        2
                idataBANK0                     0000BD  000008  0000C5       17A       0  CODE        2
                bssBANK0                       000020  00004E  00006E        20       1  BANK0       1
                dataBANK3                      0001A0  000020  0001C0       1A0       1  BANK3       1
                dataBANK2                      000120  000044  000164       120       1  BANK2       1
                cinit                          0007C5  00003B  000800       F8A       0  CODE        2
                cstackCOMMON                   000070  00000E  00007E        70       1  COMMON      1
                dataBANK1                      0000A0  000048  0000E8        A0       1  BANK1       1


UNUSED ADDRESS RANGES

        Name                Unused          Largest block    Delta
        BANK0            0006E-0006F               2           1
        BANK1            000E8-000EF               8           1
        BANK10           00520-0056F              50           1
        BANK11           005A0-005EF              50           1
        BANK12           00620-0064F              30           1
        BANK2            00164-0016F               C           1
        BANK3            001C0-001EF              30           1
        BANK4            00220-0026F              50           1
        BANK5            002A0-002EF              50           1
        BANK6            00320-0036F              50           1
        BANK7            003A0-003EF              50           1
        BANK8            00420-0046F              50           1
        BANK9            004A0-004EF              50           1
        BIGRAM           02000-023EF             3F0           1
        CODE             00004-000B0              AD           2
                         00800-03FFF             800
        CONST            00004-000B0              AD           2
                         00800-03FFF             100
        EEDATA           0F000-0F0FF             100           2
        ENTRY            00004-000B0              AD           2
                         00800-03FFF             100
        IDLOC            08000-08003               4           2
        RAM              0006E-0006F               2           1
                         000E8-000EF               8
                         00164-0016F               C
                         001C0-001EF              30
                         00220-0026F              50
                         002A0-002EF              50
                         00320-0036F              50
                         003A0-003EF              50
                         00420-0046F              50
                         004A0-004EF              50
                         00520-0056F              50
                         005A0-005EF              50
                         00620-0064F              30
        SFR0             00000-0001F              20           1
        SFR1             00080-0009F              20           1
        SFR10            00500-0051F              20           1
        SFR11            00580-0059F              20           1
        SFR12            00600-0061F              20           1
        SFR13            00680-006EF              70           1
        SFR14            00700-0076F              70           1
        SFR15            00780-007EF              70           1
        SFR16            00800-0086F              70           1
        SFR17            00880-008EF              70           1
        SFR18            00900-0096F              70           1
        SFR19            00980-009EF              70           1
        SFR2             00100-0011F              20           1
        SFR20            00A00-00A6F              70           1
        SFR21            00A80-00AEF              70           1
        SFR22            00B00-00B6F              70           1
        SFR23            00B80-00BEF              70           1
        SFR24            00C00-00C6F              70           1
        SFR25            00C80-00CEF              70           1
        SFR26            00D00-00D6F              70           1
        SFR27            00D80-00DEF              70           1
        SFR28            00E00-00E6F              70           1
        SFR29            00E80-00EEF              70           1
        SFR3             00180-0019F              20           1
        SFR30            00F00-00F6F              70           1
        SFR31            00F80-00FEF              70           1
        SFR4             00200-0021F              20           1
        SFR5             00280-0029F              20           1
        SFR6             00300-0031F              20           1
        SFR7             00380-0039F              20           1
        SFR8             00400-0041F              20           1
        SFR9             00480-0049F              20           1
        STACK            02110-023EF             2E0           1
        STRCODE          00004-000B0              AD           2
                         00800-03FFF            3800
        STRING           00004-000B0              AD           2
                         00800-03FFF             100

                                  Symbol Table

?___lwdiv                cstackCOMMON 00070
?___wmul                 cstackCOMMON 00078
?_waitSEGStop            cstackBANK0  0004C
_ANSELA                  (abs)        0018C
_ANSELB                  (abs)        0018D
_OSCCON                  (abs)        00099
_PORTA                   (abs)        0000C
_PORTB                   (abs)        0000D
_PORTC                   (abs)        0000E
_RA0                     (abs)        00060
_RA1                     (abs)        00061
_RA2                     (abs)        00062
_RC0                     (abs)        00070
_RC1                     (abs)        00071
_RC2                     (abs)        00072
_RC5                     (abs)        00075
_RC6                     (abs)        00076
_RC7                     (abs)        00077
_TRISA                   (abs)        0008C
_TRISB                   (abs)        0008D
_TRISC                   (abs)        0008E
__Habs1                  abs1         00000
__Hbank0                 bank0        00000
__Hbank1                 bank1        00000
__Hbank10                bank10       00000
__Hbank11                bank11       00000
__Hbank12                bank12       00000
__Hbank13                bank13       00000
__Hbank14                bank14       00000
__Hbank15                bank15       00000
__Hbank16                bank16       00000
__Hbank17                bank17       00000
__Hbank18                bank18       00000
__Hbank19                bank19       00000
__Hbank2                 bank2        00000
__Hbank20                bank20       00000
__Hbank21                bank21       00000
__Hbank22                bank22       00000
__Hbank23                bank23       00000
__Hbank24                bank24       00000
__Hbank25                bank25       00000
__Hbank26                bank26       00000
__Hbank27                bank27       00000
__Hbank28                bank28       00000
__Hbank29                bank29       00000
__Hbank3                 bank3        00000
__Hbank30                bank30       00000
__Hbank31                bank31       00000
__Hbank4                 bank4        00000
__Hbank5                 bank5        00000
__Hbank6                 bank6        00000
__Hbank7                 bank7        00000
__Hbank8                 bank8        00000
__Hbank9                 bank9        00000
__Hbigram                bigram       00000
__HbssBANK0              bssBANK0     00000
__Hcinit                 cinit        00800
__Hclrtext               clrtext      00000
__Hcode                  code         00000
__Hcommon                common       00000
__Hconfig                config       08009
__HcstackBANK0           cstackBANK0  00000
__HcstackCOMMON          cstackCOMMON 00000
__HdataBANK0             dataBANK0    00000
__HdataBANK1             dataBANK1    00000
__HdataBANK2             dataBANK2    00000
__HdataBANK3             dataBANK3    00000
__Heeprom_data           eeprom_data  00000
__Hend_init              end_init     00004
__Hfunctab               functab      00000
__HidataBANK0            idataBANK0   00000
__HidataBANK1            idataBANK1   00000
__HidataBANK2            idataBANK2   00000
__HidataBANK3            idataBANK3   00000
__Hinit                  init         00002
__Hinittext              inittext     00000
__Hintentry              intentry     00002
__Hmaintext              maintext     00000
__Hpowerup               powerup      00000
__Hram                   ram          00000
__Hreset_vec             reset_vec    00002
__Hsfr0                  sfr0         00000
__Hsfr1                  sfr1         00000
__Hsfr10                 sfr10        00000
__Hsfr11                 sfr11        00000
__Hsfr12                 sfr12        00000
__Hsfr13                 sfr13        00000
__Hsfr14                 sfr14        00000
__Hsfr15                 sfr15        00000
__Hsfr16                 sfr16        00000
__Hsfr17                 sfr17        00000
__Hsfr18                 sfr18        00000
__Hsfr19                 sfr19        00000
__Hsfr2                  sfr2         00000
__Hsfr20                 sfr20        00000
__Hsfr21                 sfr21        00000
__Hsfr22                 sfr22        00000
__Hsfr23                 sfr23        00000
__Hsfr24                 sfr24        00000
__Hsfr25                 sfr25        00000
__Hsfr26                 sfr26        00000
__Hsfr27                 sfr27        00000
__Hsfr28                 sfr28        00000
__Hsfr29                 sfr29        00000
__Hsfr3                  sfr3         00000
__Hsfr30                 sfr30        00000
__Hsfr31                 sfr31        00000
__Hsfr4                  sfr4         00000
__Hsfr5                  sfr5         00000
__Hsfr6                  sfr6         00000
__Hsfr7                  sfr7         00000
__Hsfr8                  sfr8         00000
__Hsfr9                  sfr9         00000
__Hspace_0               (abs)        00800
__Hspace_1               (abs)        001C0
__Hspace_2               (abs)        00000
__Hspace_3               (abs)        00000
__Hspace_4               (abs)        10010
__Hstack                 stack        00000
__Hstrings               strings      00000
__Htext                  text         00000
__Labs1                  abs1         00000
__Lbank0                 bank0        00000
__Lbank1                 bank1        00000
__Lbank10                bank10       00000
__Lbank11                bank11       00000
__Lbank12                bank12       00000
__Lbank13                bank13       00000
__Lbank14                bank14       00000
__Lbank15                bank15       00000
__Lbank16                bank16       00000
__Lbank17                bank17       00000
__Lbank18                bank18       00000
__Lbank19                bank19       00000
__Lbank2                 bank2        00000
__Lbank20                bank20       00000
__Lbank21                bank21       00000
__Lbank22                bank22       00000
__Lbank23                bank23       00000
__Lbank24                bank24       00000
__Lbank25                bank25       00000
__Lbank26                bank26       00000
__Lbank27                bank27       00000
__Lbank28                bank28       00000
__Lbank29                bank29       00000
__Lbank3                 bank3        00000
__Lbank30                bank30       00000
__Lbank31                bank31       00000
__Lbank4                 bank4        00000
__Lbank5                 bank5        00000
__Lbank6                 bank6        00000
__Lbank7                 bank7        00000
__Lbank8                 bank8        00000
__Lbank9                 bank9        00000
__Lbigram                bigram       00000
__LbssBANK0              bssBANK0     00000
__Lcinit                 cinit        007C5
__Lclrtext               clrtext      00000
__Lcode                  code         00000
__Lcommon                common       00000
__Lconfig                config       00000
__LcstackBANK0           cstackBANK0  00000
__LcstackCOMMON          cstackCOMMON 00000
__LdataBANK0             dataBANK0    00000
__LdataBANK1             dataBANK1    00000
__LdataBANK2             dataBANK2    00000
__LdataBANK3             dataBANK3    00000
__Leeprom_data           eeprom_data  00000
__Lend_init              end_init     00002
__Lfunctab               functab      00000
__LidataBANK0            idataBANK0   00000
__LidataBANK1            idataBANK1   00000
__LidataBANK2            idataBANK2   00000
__LidataBANK3            idataBANK3   00000
__Linit                  init         00002
__Linittext              inittext     00000
__Lintentry              intentry     00002
__Lmaintext              maintext     00000
__Lpowerup               powerup      00000
__Lram                   ram          00000
__Lreset_vec             reset_vec    00000
__Lsfr0                  sfr0         00000
__Lsfr1                  sfr1         00000
__Lsfr10                 sfr10        00000
__Lsfr11                 sfr11        00000
__Lsfr12                 sfr12        00000
__Lsfr13                 sfr13        00000
__Lsfr14                 sfr14        00000
__Lsfr15                 sfr15        00000
__Lsfr16                 sfr16        00000
__Lsfr17                 sfr17        00000
__Lsfr18                 sfr18        00000
__Lsfr19                 sfr19        00000
__Lsfr2                  sfr2         00000
__Lsfr20                 sfr20        00000
__Lsfr21                 sfr21        00000
__Lsfr22                 sfr22        00000
__Lsfr23                 sfr23        00000
__Lsfr24                 sfr24        00000
__Lsfr25                 sfr25        00000
__Lsfr26                 sfr26        00000
__Lsfr27                 sfr27        00000
__Lsfr28                 sfr28        00000
__Lsfr29                 sfr29        00000
__Lsfr3                  sfr3         00000
__Lsfr30                 sfr30        00000
__Lsfr31                 sfr31        00000
__Lsfr4                  sfr4         00000
__Lsfr5                  sfr5         00000
__Lsfr6                  sfr6         00000
__Lsfr7                  sfr7         00000
__Lsfr8                  sfr8         00000
__Lsfr9                  sfr9         00000
__Lspace_0               (abs)        00000
__Lspace_1               (abs)        00000
__Lspace_2               (abs)        00000
__Lspace_3               (abs)        00000
__Lspace_4               (abs)        00000
__Lstack                 stack        00000
__Lstrings               strings      00000
__Ltext                  text         00000
__S0                     (abs)        00800
__S1                     (abs)        001C0
__S2                     (abs)        00000
__S3                     (abs)        00000
___int_sp                stack        00000
___latbits               (abs)        00003
___lwdiv                 text7        00164
___lwdiv@counter         cstackCOMMON 00077
___lwdiv@dividend        cstackCOMMON 00072
___lwdiv@divisor         cstackCOMMON 00070
___lwdiv@quotient        cstackCOMMON 00075
___sp                    stack        00000
___stackhi               (abs)        023EF
___stacklo               (abs)        02110
___wmul                  text6        000E1
___wmul@multiplicand     cstackCOMMON 0007A
___wmul@multiplier       cstackCOMMON 00078
___wmul@product          cstackCOMMON 0007C
__end_of___lwdiv         text7        001A0
__end_of___wmul          text6        00100
__end_of__initialization cinit        007FD
__end_of_dynam           text10       004FB
__end_of_fclr            text5        00120
__end_of_main            maintext     007C5
__end_of_motor           text9        00164
__end_of_portinit        text8        000E1
__end_of_tact            text3        002B4
__end_of_tactsw          text4        001DD
__end_of_waitSEGStop     text2        00391
__end_of_zenoff          text1        000CE
__initialization         cinit        007C5
__pbssBANK0              bssBANK0     00020
__pcstackBANK0           cstackBANK0  00044
__pcstackCOMMON          cstackCOMMON 00070
__pdataBANK0             dataBANK0    00066
__pdataBANK1             dataBANK1    000A0
__pdataBANK2             dataBANK2    00120
__pdataBANK3             dataBANK3    001A0
__pidataBANK0            idataBANK0   000BD
__pidataBANK1            idataBANK1   00221
__pidataBANK2            idataBANK2   001DD
__pidataBANK3            idataBANK3   00120
__pmaintext              maintext     004FB
__ptext1                 text1        000C5
__ptext10                text10       00391
__ptext2                 text2        002B4
__ptext3                 text3        00269
__ptext4                 text4        001A0
__ptext5                 text5        00100
__ptext6                 text6        000E1
__ptext7                 text7        00164
__ptext8                 text8        000CE
__ptext9                 text9        00140
__size_of___lwdiv        (abs)        00000
__size_of___wmul         (abs)        00000
__size_of_dynam          (abs)        00000
__size_of_fclr           (abs)        00000
__size_of_main           (abs)        00000
__size_of_motor          (abs)        00000
__size_of_portinit       (abs)        00000
__size_of_tact           (abs)        00000
__size_of_tactsw         (abs)        00000
__size_of_waitSEGStop    (abs)        00000
__size_of_zenoff         (abs)        00000
_atai                    bssBANK0     0002E
_atai1                   bssBANK0     00030
_atai10                  bssBANK0     00032
_ccw                     bssBANK0     00034
_code1                   bssBANK0     00024
_code10                  bssBANK0     00026
_code100                 bssBANK0     00028
_code1000                bssBANK0     0002A
_count                   bssBANK0     0002C
_cw                      bssBANK0     00036
_dynam                   text10       00391
_fclr                    text5        00100
_flag_P                  bssBANK0     0003A
_flag_R                  bssBANK0     0003C
_flag_sw3                bssBANK0     0003E
_flg                     bssBANK0     00038
_fugou                   bssBANK0     00022
_main                    maintext     004FB
_motor                   text9        00140
_num0                    dataBANK1    000C0
_portinit                text8        000CE
_samp                    dataBANK1    000A0
_tact                    text3        00269
_tactsw                  text4        001A0
_waitSEGStop             text2        002B4
_zenoff                  text1        000C5
_zyoutai                 bssBANK0     00020
btemp                    (abs)        0007E
clear_ram0               clrtext      000B1
dynam@dig1data           cstackCOMMON 00070
dynam@dig2data           cstackCOMMON 00072
dynam@ext                cstackBANK0  0004A
dynam@j                  cstackBANK0  00048
dynam@smd                cstackBANK0  00044
dynam@smdata             cstackCOMMON 00074
dynam@tm                 cstackBANK0  00046
dynam@tr                 cstackCOMMON 00076
end_of_initialization    cinit        007FD
fclr@flg                 cstackCOMMON 00070
init_ram                 inittext     000B7
intlevel0                functab      00000
intlevel1                functab      00000
intlevel2                functab      00000
intlevel3                functab      00000
intlevel4                functab      00000
intlevel5                functab      00000
main@ans                 cstackBANK0  00060
main@i                   cstackBANK0  00064
main@j                   cstackBANK0  00062
motor@dig1data           cstackBANK0  0004E
motor@dig2data           cstackBANK0  00050
motor@i                  cstackBANK0  00056
motor@kakudo             cstackBANK0  0004C
motor@smdata             cstackBANK0  00052
motor@tr                 cstackBANK0  00054
reset_vec                reset_vec    00000
start                    init         00002
start_initialization     cinit        007C5
tact@mode                cstackCOMMON 00078
tactsw@a                 cstackCOMMON 00076
tactsw@b                 cstackCOMMON 00072
tactsw@c                 cstackCOMMON 00074
waitSEGStop@cpSW1        cstackBANK0  00056
waitSEGStop@cpSW2        cstackBANK0  00058
waitSEGStop@cpSW3        cstackBANK0  0005A
waitSEGStop@dousa        cstackBANK0  00052
waitSEGStop@i            cstackBANK0  0005C
waitSEGStop@seg1         cstackBANK0  0004C
waitSEGStop@seg2         cstackBANK0  0004E
waitSEGStop@wt           cstackBANK0  00050
wtemp0                   (abs)        0007E


MODULE INFORMATION

Module		Function		Class		Link	Load	Size
Q4.c
		_main          		CODE           	04FB	0000	714
		_tactsw        		CODE           	01A0	0000	61
		_zenoff        		CODE           	00C5	0000	9
		_dynam         		CODE           	0391	0000	362
		_tact          		CODE           	0269	0000	75
		_portinit      		CODE           	00CE	0000	19
		_fclr          		CODE           	0100	0000	32
		_motor         		CODE           	0140	0000	36
		_waitSEGStop   		CODE           	02B4	0000	221

Q4.c estimated size: 1529

/Applications/microchip/xc8/v2.32/pic/sources/c99/common/Umul16.c
		___wmul        		CODE           	00E1	0000	31

/Applications/microchip/xc8/v2.32/pic/sources/c99/common/Umul16.c estimated size: 31

/Applications/microchip/xc8/v2.32/pic/sources/c99/common/lwdiv.c
		___lwdiv       		CODE           	0164	0000	60

/Applications/microchip/xc8/v2.32/pic/sources/c99/common/lwdiv.c estimated size: 60

shared
		__initialization		CODE           	07C5	0000	56

shared estimated size: 56

