Microchip MPLAB XC8 Compiler V2.31

Linker command line:

-W-3 --edf=C:\Program Files\Microchip\xc8\v2.31\pic\dat\en_msgs.txt -cn \
  -h+dist/default/production\SKT_h28_vor3.X.production.sym \
  --cmf=dist/default/production\SKT_h28_vor3.X.production.cmf -z -Q16F1938 \
  -oC:\Users\harut\AppData\Local\Temp\s8u0.2 --defsym=__MPLAB_BUILD=1 \
  -Mdist/default/production/SKT_h28_vor3.X.production.map -E1 \
  -ver=XC8 Compiler --acfsm=1493 -ASTACK=02110h-023EFh -pstack=STACK \
  -ACODE=00h-07FFhx8 -ASTRCODE=00h-03FFFh -ASTRING=00h-0FFhx64 \
  -ACONST=00h-0FFhx64 -AENTRY=00h-0FFhx64 -ACOMMON=070h-07Fh \
  -ABANK0=020h-06Fh -ABANK1=0A0h-0EFh -ABANK2=0120h-016Fh \
  -ABANK3=01A0h-01EFh -ABANK4=0220h-026Fh -ABANK5=02A0h-02EFh \
  -ABANK6=0320h-036Fh -ABANK7=03A0h-03EFh -ABANK8=0420h-046Fh \
  -ABANK9=04A0h-04EFh -ABANK10=0520h-056Fh -ABANK11=05A0h-05EFh \
  -ABANK12=0620h-064Fh -ABIGRAM=02000h-023EFh \
  -ARAM=020h-06Fh,0A0h-0EFh,0120h-016Fh,01A0h-01EFh,0220h-026Fh,02A0h-02EFh,0320h-036Fh,03A0h-03EFh,0420h-046Fh,04A0h-04EFh,0520h-056Fh,05A0h-05EFh,0620h-064Fh \
  -AABS1=020h-07Fh,0A0h-0EFh,0120h-016Fh,01A0h-01EFh,0220h-026Fh,02A0h-02EFh,0320h-036Fh,03A0h-03EFh,0420h-046Fh,04A0h-04EFh,0520h-056Fh,05A0h-05EFh,0620h-064Fh \
  -ASFR0=00h-01Fh -ASFR1=080h-09Fh -ASFR2=0100h-011Fh -ASFR3=0180h-019Fh \
  -ASFR4=0200h-021Fh -ASFR5=0280h-029Fh -ASFR6=0300h-031Fh \
  -ASFR7=0380h-039Fh -ASFR8=0400h-041Fh -ASFR9=0480h-049Fh \
  -ASFR10=0500h-051Fh -ASFR11=0580h-059Fh -ASFR12=0600h-061Fh \
  -ASFR13=0680h-06EFh -ASFR14=0700h-076Fh -ASFR15=0780h-07EFh \
  -ASFR16=0800h-086Fh -ASFR17=0880h-08EFh -ASFR18=0900h-096Fh \
  -ASFR19=0980h-09EFh -ASFR20=0A00h-0A6Fh -ASFR21=0A80h-0AEFh \
  -ASFR22=0B00h-0B6Fh -ASFR23=0B80h-0BEFh -ASFR24=0C00h-0C6Fh \
  -ASFR25=0C80h-0CEFh -ASFR26=0D00h-0D6Fh -ASFR27=0D80h-0DEFh \
  -ASFR28=0E00h-0E6Fh -ASFR29=0E80h-0EEFh -ASFR30=0F00h-0F6Fh \
  -ASFR31=0F80h-0FEFh -ACONFIG=08007h-08008h -DCONFIG=2 \
  -AIDLOC=08000h-08003h -DIDLOC=2 -AEEDATA=00h-0FFh/0F000h \
  -peeprom_data=EEDATA -DEEDATA=2 -DCODE=2 -DSTRCODE=2 -DSTRING=2 -DCONST=2 \
  -DENTRY=2 -preset_vec=00h,intentry,init,end_init -ppowerup=CODE \
  -pcinit=CODE -pfunctab=ENTRY -k C:\Users\harut\AppData\Local\Temp\s8u0.o \
  dist/default/production\SKT_h28_vor3.X.production.o 

Object code version is 3.11

Machine type is 16F1938



                Name                               Link     Load   Length Selector   Space Scale
C:\Users\harut\AppData\Local\Temp\s8u0.o
                end_init                              2        2        2        0       0
                reset_vec                             0        0        2        0       0
                config                             8007     8007        2        0       4
dist/default/production\SKT_h28_vor3.X.production.o
                cinit                               7C9      7C9       37      F92       0
                config                             8007     8007        2        0       4
                text13                              E98      E98       20     1D30       0
                text12                               93       93       60      126       0
                text11                               40       40       53       80       0
                text10                              E79      E79       1F     1CF2       0
                text9                               2E0      2E0      1D4      5C0       0
                text8                               176      176      16A      2EC       0
                text7                               ED8      ED8       24     1DB0       0
                text6                               E66      E66       13     1CCC       0
                text5                               EFC      EFC       3C     1DF8       0
                text4                               F38      F38       3D     1E70       0
                text3                               FB5      FB5       4B     1F6A       0
                text2                                F3       F3       83      1E6       0
                text1                               E5D      E5D        9     1CBA       0
                maintext                            4B4      4B4      315      968       0
                cstackBANK0                          20       20       3A       20       1
                cstackCOMMON                         70       70        D       70       1
                clrtext                             E51      E51        6     1CA2       0
                inittext                            E57      E57        6     1CAE       0
                dataBANK3                           1A0      1A0       20      1A0       1
                dataBANK2                           120      120       40      120       1
                dataBANK1                            A0       A0       3C       A0       1
                bssBANK1                             DC       DC        C       A0       1
                bssBANK0                             5A       5A       16       20       1
                idataBANK3                          EB8      EB8       20     1D70       0
                idataBANK2                          F75      F75       40     1EEA       0
                idataBANK1                            4        4       3C        0       0

TOTAL           Name                               Link     Load   Length     Space
        CLASS   STACK          

        CLASS   CODE           
                end_init                              2        2        2         0
                cinit                               7C9      7C9       37         0
                reset_vec                             0        0        2         0
                text13                              E98      E98       20         0
                text12                               93       93       60         0
                text11                               40       40       53         0
                text10                              E79      E79       1F         0
                text9                               2E0      2E0      1D4         0
                text8                               176      176      16A         0
                text7                               ED8      ED8       24         0
                text6                               E66      E66       13         0
                text5                               EFC      EFC       3C         0
                text4                               F38      F38       3D         0
                text3                               FB5      FB5       4B         0
                text2                                F3       F3       83         0
                text1                               E5D      E5D        9         0
                maintext                            4B4      4B4      315         0
                clrtext                             E51      E51        6         0
                inittext                            E57      E57        6         0
                idataBANK3                          EB8      EB8       20         0
                idataBANK2                          F75      F75       40         0
                idataBANK1                            4        4       3C         0

        CLASS   STRCODE        

        CLASS   STRING         

        CLASS   CONST          

        CLASS   ENTRY          

        CLASS   COMMON         
                cstackCOMMON                         70       70        D         1

        CLASS   BANK0          
                cstackBANK0                          20       20       3A         1
                bssBANK0                             5A       5A       16         1

        CLASS   BANK1          
                dataBANK1                            A0       A0       3C         1
                bssBANK1                             DC       DC        C         1

        CLASS   BANK2          
                dataBANK2                           120      120       40         1

        CLASS   BANK3          
                dataBANK3                           1A0      1A0       20         1

        CLASS   BANK4          

        CLASS   BANK5          

        CLASS   BANK6          

        CLASS   BANK7          

        CLASS   BANK8          

        CLASS   BANK9          

        CLASS   BANK10         

        CLASS   BANK11         

        CLASS   BANK12         

        CLASS   BIGRAM         

        CLASS   RAM            

        CLASS   ABS1           
                abs_s1                               7E       7E        2         1

        CLASS   SFR0           

        CLASS   SFR1           

        CLASS   SFR2           

        CLASS   SFR3           

        CLASS   SFR4           

        CLASS   SFR5           

        CLASS   SFR6           

        CLASS   SFR7           

        CLASS   SFR8           

        CLASS   SFR9           

        CLASS   SFR10          

        CLASS   SFR11          

        CLASS   SFR12          

        CLASS   SFR13          

        CLASS   SFR14          

        CLASS   SFR15          

        CLASS   SFR16          

        CLASS   SFR17          

        CLASS   SFR18          

        CLASS   SFR19          

        CLASS   SFR20          

        CLASS   SFR21          

        CLASS   SFR22          

        CLASS   SFR23          

        CLASS   SFR24          

        CLASS   SFR25          

        CLASS   SFR26          

        CLASS   SFR27          

        CLASS   SFR28          

        CLASS   SFR29          

        CLASS   SFR30          

        CLASS   SFR31          

        CLASS   CONFIG         
                config                             8007     8007        2         4

        CLASS   IDLOC          

        CLASS   EEDATA         

        CLASS   BANK31         

        CLASS   BANK30         

        CLASS   BANK29         

        CLASS   BANK28         

        CLASS   BANK27         

        CLASS   BANK26         

        CLASS   BANK25         

        CLASS   BANK24         

        CLASS   BANK23         

        CLASS   BANK22         

        CLASS   BANK21         

        CLASS   BANK20         

        CLASS   BANK19         

        CLASS   BANK18         

        CLASS   BANK17         

        CLASS   BANK16         

        CLASS   BANK15         

        CLASS   BANK14         

        CLASS   BANK13         



SEGMENTS        Name                           Load    Length   Top    Selector   Space  Class     Delta

                reset_vec                      000000  000040  000040         0       0  CODE        2
                cstackBANK0                    000020  000050  000070        20       1  BANK0       1
                cstackCOMMON                   000070  00000D  00007D        70       1  COMMON      1
                text11                         000040  000053  000093        80       0  CODE        2
                dataBANK1                      0000A0  000048  0000E8        A0       1  BANK1       1
                dataBANK2                      000120  000040  000160       120       1  BANK2       1
                text12                         000093  000060  0000F3       126       0  CODE        2
                dataBANK3                      0001A0  000020  0001C0       1A0       1  BANK3       1
                text2                          0000F3  000083  000176       1E6       0  CODE        2
                text8                          000176  00016A  0002E0       2EC       0  CODE        2
                text9                          0002E0  0001D4  0004B4       5C0       0  CODE        2
                maintext                       0004B4  000315  0007C9       968       0  CODE        2
                cinit                          0007C9  000037  000800       F92       0  CODE        2
                clrtext                        000E51  000006  000E57      1CA2       0  CODE        2
                inittext                       000E57  000006  000E5D      1CAE       0  CODE        2
                text1                          000E5D  000009  000E66      1CBA       0  CODE        2
                text6                          000E66  000013  000E79      1CCC       0  CODE        2
                text10                         000E79  00001F  000E98      1CF2       0  CODE        2
                text13                         000E98  000020  000EB8      1D30       0  CODE        2
                idataBANK3                     000EB8  000020  000ED8      1D70       0  CODE        2
                text7                          000ED8  000024  000EFC      1DB0       0  CODE        2
                text5                          000EFC  00003C  000F38      1DF8       0  CODE        2
                text4                          000F38  00003D  000F75      1E70       0  CODE        2
                idataBANK2                     000F75  000040  000FB5      1EEA       0  CODE        2
                text3                          000FB5  00004B  001000      1F6A       0  CODE        2


UNUSED ADDRESS RANGES

        Name                Unused          Largest block    Delta
        BANK1            000E8-000EF               8           1
        BANK10           00520-0056F              50           1
        BANK11           005A0-005EF              50           1
        BANK12           00620-0064F              30           1
        BANK2            00160-0016F              10           1
        BANK3            001C0-001EF              30           1
        BANK4            00220-0026F              50           1
        BANK5            002A0-002EF              50           1
        BANK6            00320-0036F              50           1
        BANK7            003A0-003EF              50           1
        BANK8            00420-0046F              50           1
        BANK9            004A0-004EF              50           1
        BIGRAM           02000-023EF             3F0           1
        CODE             00800-00E50             651           2
                         01000-03FFF             800
        COMMON           0007D-0007D               1           1
        CONST            00800-00E50             100           2
                         01000-03FFF             100
        EEDATA           0F000-0F0FF             100           2
        ENTRY            00800-00E50             100           2
                         01000-03FFF             100
        IDLOC            08000-08003               4           2
        RAM              000E8-000EF               8           1
                         00160-0016F              10
                         001C0-001EF              30
                         00220-0026F              50
                         002A0-002EF              50
                         00320-0036F              50
                         003A0-003EF              50
                         00420-0046F              50
                         004A0-004EF              50
                         00520-0056F              50
                         005A0-005EF              50
                         00620-0064F              30
        SFR0             00000-0001F              20           1
        SFR1             00080-0009F              20           1
        SFR10            00500-0051F              20           1
        SFR11            00580-0059F              20           1
        SFR12            00600-0061F              20           1
        SFR13            00680-006EF              70           1
        SFR14            00700-0076F              70           1
        SFR15            00780-007EF              70           1
        SFR16            00800-0086F              70           1
        SFR17            00880-008EF              70           1
        SFR18            00900-0096F              70           1
        SFR19            00980-009EF              70           1
        SFR2             00100-0011F              20           1
        SFR20            00A00-00A6F              70           1
        SFR21            00A80-00AEF              70           1
        SFR22            00B00-00B6F              70           1
        SFR23            00B80-00BEF              70           1
        SFR24            00C00-00C6F              70           1
        SFR25            00C80-00CEF              70           1
        SFR26            00D00-00D6F              70           1
        SFR27            00D80-00DEF              70           1
        SFR28            00E00-00E6F              70           1
        SFR29            00E80-00EEF              70           1
        SFR3             00180-0019F              20           1
        SFR30            00F00-00F6F              70           1
        SFR31            00F80-00FEF              70           1
        SFR4             00200-0021F              20           1
        SFR5             00280-0029F              20           1
        SFR6             00300-0031F              20           1
        SFR7             00380-0039F              20           1
        SFR8             00400-0041F              20           1
        SFR9             00480-0049F              20           1
        STACK            02110-023EF             2E0           1
        STRCODE          00800-00E50             651           2
                         01000-03FFF            3000
        STRING           00800-00E50             100           2
                         01000-03FFF             100

                                  Symbol Table

?___awdiv                cstackCOMMON 00076
?___awmod                cstackCOMMON 00070
?___lwdiv                cstackCOMMON 00070
?___wmul                 cstackCOMMON 00070
?_waitSEGStop            cstackBANK0  00028
_ANSELA                  (abs)        0018C
_ANSELB                  (abs)        0018D
_OSCCON                  (abs)        00099
_PORTA                   (abs)        0000C
_PORTB                   (abs)        0000D
_PORTC                   (abs)        0000E
_RA0                     (abs)        00060
_RA1                     (abs)        00061
_RA2                     (abs)        00062
_RC0                     (abs)        00070
_RC1                     (abs)        00071
_RC2                     (abs)        00072
_RC5                     (abs)        00075
_RC6                     (abs)        00076
_RC7                     (abs)        00077
_TRISA                   (abs)        0008C
_TRISB                   (abs)        0008D
_TRISC                   (abs)        0008E
__Habs1                  abs1         00000
__Hbank0                 bank0        00000
__Hbank1                 bank1        00000
__Hbank10                bank10       00000
__Hbank11                bank11       00000
__Hbank12                bank12       00000
__Hbank13                bank13       00000
__Hbank14                bank14       00000
__Hbank15                bank15       00000
__Hbank16                bank16       00000
__Hbank17                bank17       00000
__Hbank18                bank18       00000
__Hbank19                bank19       00000
__Hbank2                 bank2        00000
__Hbank20                bank20       00000
__Hbank21                bank21       00000
__Hbank22                bank22       00000
__Hbank23                bank23       00000
__Hbank24                bank24       00000
__Hbank25                bank25       00000
__Hbank26                bank26       00000
__Hbank27                bank27       00000
__Hbank28                bank28       00000
__Hbank29                bank29       00000
__Hbank3                 bank3        00000
__Hbank30                bank30       00000
__Hbank31                bank31       00000
__Hbank4                 bank4        00000
__Hbank5                 bank5        00000
__Hbank6                 bank6        00000
__Hbank7                 bank7        00000
__Hbank8                 bank8        00000
__Hbank9                 bank9        00000
__Hbigram                bigram       00000
__HbssBANK0              bssBANK0     00000
__HbssBANK1              bssBANK1     00000
__Hcinit                 cinit        00800
__Hclrtext               clrtext      00000
__Hcode                  code         00000
__Hcommon                common       00000
__Hconfig                config       08009
__HcstackBANK0           cstackBANK0  00000
__HcstackCOMMON          cstackCOMMON 00000
__HdataBANK1             dataBANK1    00000
__HdataBANK2             dataBANK2    00000
__HdataBANK3             dataBANK3    00000
__Heeprom_data           eeprom_data  00000
__Hend_init              end_init     00004
__Hfunctab               functab      00000
__HidataBANK1            idataBANK1   00000
__HidataBANK2            idataBANK2   00000
__HidataBANK3            idataBANK3   00000
__Hinit                  init         00002
__Hinittext              inittext     00000
__Hintentry              intentry     00002
__Hmaintext              maintext     00000
__Hpowerup               powerup      00000
__Hram                   ram          00000
__Hreset_vec             reset_vec    00002
__Hsfr0                  sfr0         00000
__Hsfr1                  sfr1         00000
__Hsfr10                 sfr10        00000
__Hsfr11                 sfr11        00000
__Hsfr12                 sfr12        00000
__Hsfr13                 sfr13        00000
__Hsfr14                 sfr14        00000
__Hsfr15                 sfr15        00000
__Hsfr16                 sfr16        00000
__Hsfr17                 sfr17        00000
__Hsfr18                 sfr18        00000
__Hsfr19                 sfr19        00000
__Hsfr2                  sfr2         00000
__Hsfr20                 sfr20        00000
__Hsfr21                 sfr21        00000
__Hsfr22                 sfr22        00000
__Hsfr23                 sfr23        00000
__Hsfr24                 sfr24        00000
__Hsfr25                 sfr25        00000
__Hsfr26                 sfr26        00000
__Hsfr27                 sfr27        00000
__Hsfr28                 sfr28        00000
__Hsfr29                 sfr29        00000
__Hsfr3                  sfr3         00000
__Hsfr30                 sfr30        00000
__Hsfr31                 sfr31        00000
__Hsfr4                  sfr4         00000
__Hsfr5                  sfr5         00000
__Hsfr6                  sfr6         00000
__Hsfr7                  sfr7         00000
__Hsfr8                  sfr8         00000
__Hsfr9                  sfr9         00000
__Hspace_0               (abs)        01000
__Hspace_1               (abs)        001C0
__Hspace_2               (abs)        00000
__Hspace_3               (abs)        00000
__Hspace_4               (abs)        10010
__Hstack                 stack        00000
__Hstrings               strings      00000
__Htext                  text         00000
__Labs1                  abs1         00000
__Lbank0                 bank0        00000
__Lbank1                 bank1        00000
__Lbank10                bank10       00000
__Lbank11                bank11       00000
__Lbank12                bank12       00000
__Lbank13                bank13       00000
__Lbank14                bank14       00000
__Lbank15                bank15       00000
__Lbank16                bank16       00000
__Lbank17                bank17       00000
__Lbank18                bank18       00000
__Lbank19                bank19       00000
__Lbank2                 bank2        00000
__Lbank20                bank20       00000
__Lbank21                bank21       00000
__Lbank22                bank22       00000
__Lbank23                bank23       00000
__Lbank24                bank24       00000
__Lbank25                bank25       00000
__Lbank26                bank26       00000
__Lbank27                bank27       00000
__Lbank28                bank28       00000
__Lbank29                bank29       00000
__Lbank3                 bank3        00000
__Lbank30                bank30       00000
__Lbank31                bank31       00000
__Lbank4                 bank4        00000
__Lbank5                 bank5        00000
__Lbank6                 bank6        00000
__Lbank7                 bank7        00000
__Lbank8                 bank8        00000
__Lbank9                 bank9        00000
__Lbigram                bigram       00000
__LbssBANK0              bssBANK0     00000
__LbssBANK1              bssBANK1     00000
__Lcinit                 cinit        007C9
__Lclrtext               clrtext      00000
__Lcode                  code         00000
__Lcommon                common       00000
__Lconfig                config       00000
__LcstackBANK0           cstackBANK0  00000
__LcstackCOMMON          cstackCOMMON 00000
__LdataBANK1             dataBANK1    00000
__LdataBANK2             dataBANK2    00000
__LdataBANK3             dataBANK3    00000
__Leeprom_data           eeprom_data  00000
__Lend_init              end_init     00002
__Lfunctab               functab      00000
__LidataBANK1            idataBANK1   00000
__LidataBANK2            idataBANK2   00000
__LidataBANK3            idataBANK3   00000
__Linit                  init         00002
__Linittext              inittext     00000
__Lintentry              intentry     00002
__Lmaintext              maintext     00000
__Lpowerup               powerup      00000
__Lram                   ram          00000
__Lreset_vec             reset_vec    00000
__Lsfr0                  sfr0         00000
__Lsfr1                  sfr1         00000
__Lsfr10                 sfr10        00000
__Lsfr11                 sfr11        00000
__Lsfr12                 sfr12        00000
__Lsfr13                 sfr13        00000
__Lsfr14                 sfr14        00000
__Lsfr15                 sfr15        00000
__Lsfr16                 sfr16        00000
__Lsfr17                 sfr17        00000
__Lsfr18                 sfr18        00000
__Lsfr19                 sfr19        00000
__Lsfr2                  sfr2         00000
__Lsfr20                 sfr20        00000
__Lsfr21                 sfr21        00000
__Lsfr22                 sfr22        00000
__Lsfr23                 sfr23        00000
__Lsfr24                 sfr24        00000
__Lsfr25                 sfr25        00000
__Lsfr26                 sfr26        00000
__Lsfr27                 sfr27        00000
__Lsfr28                 sfr28        00000
__Lsfr29                 sfr29        00000
__Lsfr3                  sfr3         00000
__Lsfr30                 sfr30        00000
__Lsfr31                 sfr31        00000
__Lsfr4                  sfr4         00000
__Lsfr5                  sfr5         00000
__Lsfr6                  sfr6         00000
__Lsfr7                  sfr7         00000
__Lsfr8                  sfr8         00000
__Lsfr9                  sfr9         00000
__Lspace_0               (abs)        00000
__Lspace_1               (abs)        00000
__Lspace_2               (abs)        00000
__Lspace_3               (abs)        00000
__Lspace_4               (abs)        00000
__Lstack                 stack        00000
__Lstrings               strings      00000
__Ltext                  text         00000
__S0                     (abs)        01000
__S1                     (abs)        001C0
__S2                     (abs)        00000
__S3                     (abs)        00000
___awdiv                 text12       00093
___awdiv@counter         cstackBANK0  00020
___awdiv@dividend        cstackCOMMON 00078
___awdiv@divisor         cstackCOMMON 00076
___awdiv@quotient        cstackBANK0  00022
___awdiv@sign            cstackBANK0  00021
___awmod                 text11       00040
___awmod@counter         cstackCOMMON 00075
___awmod@dividend        cstackCOMMON 00072
___awmod@divisor         cstackCOMMON 00070
___awmod@sign            cstackCOMMON 00076
___int_sp                stack        00000
___latbits               (abs)        00003
___lwdiv                 text5        00EFC
___lwdiv@counter         cstackCOMMON 00077
___lwdiv@dividend        cstackCOMMON 00072
___lwdiv@divisor         cstackCOMMON 00070
___lwdiv@quotient        cstackCOMMON 00075
___sp                    stack        00000
___stackhi               (abs)        023EF
___stacklo               (abs)        02110
___wmul                  text10       00E79
___wmul@multiplicand     cstackCOMMON 00072
___wmul@multiplier       cstackCOMMON 00070
___wmul@product          cstackCOMMON 00074
__end_of___awdiv         text12       000F3
__end_of___awmod         text11       00093
__end_of___lwdiv         text5        00F38
__end_of___wmul          text10       00E98
__end_of__initialization cinit        007FD
__end_of_dynam           text8        002E0
__end_of_fclr            text13       00EB8
__end_of_hen7            text9        004B4
__end_of_main            maintext     007C9
__end_of_motor           text7        00EFC
__end_of_portinit        text6        00E79
__end_of_tact            text3        01000
__end_of_tactsw          text4        00F75
__end_of_waitSEGStop     text2        00176
__end_of_zenoff          text1        00E66
__initialization         cinit        007C9
__pbssBANK0              bssBANK0     0005A
__pbssBANK1              bssBANK1     000DC
__pcstackBANK0           cstackBANK0  00020
__pcstackCOMMON          cstackCOMMON 00070
__pdataBANK1             dataBANK1    000A0
__pdataBANK2             dataBANK2    00120
__pdataBANK3             dataBANK3    001A0
__pidataBANK1            idataBANK1   00004
__pidataBANK2            idataBANK2   00F75
__pidataBANK3            idataBANK3   00EB8
__pmaintext              maintext     004B4
__ptext1                 text1        00E5D
__ptext10                text10       00E79
__ptext11                text11       00040
__ptext12                text12       00093
__ptext13                text13       00E98
__ptext2                 text2        000F3
__ptext3                 text3        00FB5
__ptext4                 text4        00F38
__ptext5                 text5        00EFC
__ptext6                 text6        00E66
__ptext7                 text7        00ED8
__ptext8                 text8        00176
__ptext9                 text9        002E0
__size_of___awdiv        (abs)        00000
__size_of___awmod        (abs)        00000
__size_of___lwdiv        (abs)        00000
__size_of___wmul         (abs)        00000
__size_of_dynam          (abs)        00000
__size_of_fclr           (abs)        00000
__size_of_hen7           (abs)        00000
__size_of_main           (abs)        00000
__size_of_motor          (abs)        00000
__size_of_portinit       (abs)        00000
__size_of_tact           (abs)        00000
__size_of_tactsw         (abs)        00000
__size_of_waitSEGStop    (abs)        00000
__size_of_zenoff         (abs)        00000
_atai                    bssBANK1     000E2
_atai1                   bssBANK0     00060
_atai10                  bssBANK0     00062
_ccw                     bssBANK0     00064
_code1                   bssBANK0     0005C
_code10                  bssBANK0     0005E
_code100                 bssBANK1     000DC
_code1000                bssBANK1     000DE
_count                   bssBANK1     000E0
_cw                      bssBANK0     00066
_dynam                   text8        00176
_fclr                    text13       00E98
_flag_P                  bssBANK0     0006A
_flag_R                  bssBANK0     0006C
_flag_sw3                bssBANK0     0006E
_flg                     bssBANK0     00068
_fugou                   bssBANK0     0005A
_hen7                    text9        002E0
_main                    maintext     004B4
_motor                   text7        00ED8
_num0                    dataBANK1    000C0
_portinit                text6        00E66
_samp                    dataBANK1    000A0
_tact                    text3        00FB5
_tactsw                  text4        00F38
_waitSEGStop             text2        000F3
_zenoff                  text1        00E5D
btemp                    (abs)        0007E
clear_ram0               clrtext      00E51
dynam@dig1data           cstackCOMMON 00070
dynam@dig2data           cstackCOMMON 00072
dynam@ext                cstackBANK0  00026
dynam@j                  cstackBANK0  00024
dynam@smd                cstackBANK0  00020
dynam@smdata             cstackCOMMON 00074
dynam@tm                 cstackBANK0  00022
dynam@tr                 cstackCOMMON 00076
end_of_initialization    cinit        007FD
fclr@flg                 cstackCOMMON 00070
hen7@l                   cstackBANK0  00032
hen7@m                   cstackBANK0  00034
hen7@n                   cstackBANK0  00036
hen7@ns1                 cstackBANK0  00026
hen7@value               cstackBANK0  00024
hen7@value1              cstackBANK0  0002C
hen7@value10             cstackBANK0  0002E
hen7@value100            cstackBANK0  00030
init_ram                 inittext     00E57
intlevel0                functab      00000
intlevel1                functab      00000
intlevel2                functab      00000
intlevel3                functab      00000
intlevel4                functab      00000
intlevel5                functab      00000
main@ans                 cstackBANK0  00052
main@ans2                cstackBANK0  00044
main@ataiL               cstackBANK0  0004C
main@ataiL2              cstackBANK0  0003C
main@ataiR               cstackBANK0  0004E
main@ataiR2              cstackBANK0  0003E
main@i                   cstackBANK0  00050
main@k                   cstackBANK0  00046
main@m                   cstackBANK0  00040
main@segL                cstackBANK0  00054
main@segL2               cstackBANK0  00048
main@segR                cstackBANK0  00056
main@segR2               cstackBANK0  0004A
main@time                cstackBANK0  00042
main@zyoutai             cstackBANK0  00058
motor@dig1data           cstackBANK0  0002A
motor@dig2data           cstackBANK0  0002C
motor@i                  cstackCOMMON 00078
motor@kakudo             cstackBANK0  00028
motor@smdata             cstackBANK0  0002E
motor@tr                 cstackBANK0  00030
reset_vec                reset_vec    00000
start                    init         00002
start_initialization     cinit        007C9
tact@mode                cstackCOMMON 00078
tactsw@a                 cstackCOMMON 00076
tactsw@b                 cstackCOMMON 00072
tactsw@c                 cstackCOMMON 00074
waitSEGStop@cpSW1        cstackBANK0  0002E
waitSEGStop@cpSW2        cstackBANK0  00030
waitSEGStop@i            cstackBANK0  00032
waitSEGStop@seg1         cstackBANK0  00028
waitSEGStop@seg2         cstackBANK0  0002A
waitSEGStop@wt           cstackBANK0  0002C
wtemp0                   (abs)        0007E


FUNCTION INFORMATION:

 *************** function _main *****************
 Defined at:
		line 519 in file "Q5.c"
 Parameters:    Size  Location     Type
		None
 Auto vars:     Size  Location     Type
  zyoutai         2   56[BANK0 ] int 
  segR            2   54[BANK0 ] unsigned short 
  segL            2   52[BANK0 ] unsigned short 
  ans             2   50[BANK0 ] int 
  i               2   48[BANK0 ] int 
  ataiR           2   46[BANK0 ] int 
  ataiL           2   44[BANK0 ] int 
  segR2           2   42[BANK0 ] unsigned short 
  segL2           2   40[BANK0 ] unsigned short 
  k               2   38[BANK0 ] int 
  ans2            2   36[BANK0 ] int 
  time            2   34[BANK0 ] int 
  m               2   32[BANK0 ] int 
  ataiR2          2   30[BANK0 ] int 
  ataiL2          2   28[BANK0 ] int 
  n               2    0        int 
  j               2    0        int 
 Return value:  Size  Location     Type
                  1    wreg      void 
 Registers used:
		wreg, fsr0l, fsr0h, fsr1l, fsr1h, status,2, status,0, pclath, cstack
 Tracked objects:
		On entry : 
		On exit  : 
		Unchanged: 
 Data sizes:     COMMON   BANK0   BANK1   BANK2   BANK3   BANK4   BANK5   BANK6   BANK7   BANK8   BANK9  BANK10  BANK11  BANK12
      Params:         0       0       0       0       0       0       0       0       0       0       0       0       0       0
      Locals:         0      34       0       0       0       0       0       0       0       0       0       0       0       0
      Temps:          1       0       0       0       0       0       0       0       0       0       0       0       0       0
      Totals:         1      34       0       0       0       0       0       0       0       0       0       0       0       0
Total ram usage:       35 bytes
 Hardware stack levels required when called:    3
 This function calls:
		___awdiv
		___wmul
		_dynam
		_fclr
		_hen7
		_motor
		_portinit
		_tact
		_waitSEGStop
		_zenoff
 This function is called by:
		Startup code after reset
 This function uses a non-reentrant model


 *************** function _zenoff *****************
 Defined at:
		line 195 in file "Q5.c"
 Parameters:    Size  Location     Type
		None
 Auto vars:     Size  Location     Type
		None
 Return value:  Size  Location     Type
                  1    wreg      void 
 Registers used:
		status,2
 Tracked objects:
		On entry : 
		On exit  : 
		Unchanged: 
 Data sizes:     COMMON   BANK0   BANK1   BANK2   BANK3   BANK4   BANK5   BANK6   BANK7   BANK8   BANK9  BANK10  BANK11  BANK12
      Params:         0       0       0       0       0       0       0       0       0       0       0       0       0       0
      Locals:         0       0       0       0       0       0       0       0       0       0       0       0       0       0
      Temps:          0       0       0       0       0       0       0       0       0       0       0       0       0       0
      Totals:         0       0       0       0       0       0       0       0       0       0       0       0       0       0
Total ram usage:        0 bytes
 Hardware stack levels used:    1
 This function calls:
		Nothing
 This function is called by:
		_main
 This function uses a non-reentrant model


 *************** function _waitSEGStop *****************
 Defined at:
		line 464 in file "Q5.c"
 Parameters:    Size  Location     Type
  seg1            2    8[BANK0 ] unsigned short 
  seg2            2   10[BANK0 ] unsigned short 
  wt              2   12[BANK0 ] unsigned short 
 Auto vars:     Size  Location     Type
  i               2   18[BANK0 ] unsigned int 
  cpSW2           2   16[BANK0 ] int 
  cpSW1           2   14[BANK0 ] int 
 Return value:  Size  Location     Type
                  2    8[BANK0 ] int 
 Registers used:
		wreg, fsr0l, fsr0h, status,2, status,0, pclath, cstack
 Tracked objects:
		On entry : 
		On exit  : 
		Unchanged: 
 Data sizes:     COMMON   BANK0   BANK1   BANK2   BANK3   BANK4   BANK5   BANK6   BANK7   BANK8   BANK9  BANK10  BANK11  BANK12
      Params:         0       6       0       0       0       0       0       0       0       0       0       0       0       0
      Locals:         0       6       0       0       0       0       0       0       0       0       0       0       0       0
      Temps:          2       0       0       0       0       0       0       0       0       0       0       0       0       0
      Totals:         2      12       0       0       0       0       0       0       0       0       0       0       0       0
Total ram usage:       14 bytes
 Hardware stack levels used:    1
 Hardware stack levels required when called:    2
 This function calls:
		___lwdiv
		_dynam
		_tact
 This function is called by:
		_main
 This function uses a non-reentrant model


 *************** function _tact *****************
 Defined at:
		line 346 in file "Q5.c"
 Parameters:    Size  Location     Type
  mode            2    8[COMMON] unsigned short 
 Auto vars:     Size  Location     Type
		None
 Return value:  Size  Location     Type
                  1    wreg      void 
 Registers used:
		wreg, fsr0l, fsr0h, status,2, status,0, pclath, cstack
 Tracked objects:
		On entry : 
		On exit  : 
		Unchanged: 
 Data sizes:     COMMON   BANK0   BANK1   BANK2   BANK3   BANK4   BANK5   BANK6   BANK7   BANK8   BANK9  BANK10  BANK11  BANK12
      Params:         2       0       0       0       0       0       0       0       0       0       0       0       0       0
      Locals:         0       0       0       0       0       0       0       0       0       0       0       0       0       0
      Temps:          0       0       0       0       0       0       0       0       0       0       0       0       0       0
      Totals:         2       0       0       0       0       0       0       0       0       0       0       0       0       0
Total ram usage:        2 bytes
 Hardware stack levels used:    1
 Hardware stack levels required when called:    1
 This function calls:
		_tactsw
 This function is called by:
		_waitSEGStop
		_main
		_kaisu
		_motorStop
 This function uses a non-reentrant model


 *************** function _tactsw *****************
 Defined at:
		line 331 in file "Q5.c"
 Parameters:    Size  Location     Type
		None
 Auto vars:     Size  Location     Type
  a               2    6[COMMON] unsigned short 
  c               2    4[COMMON] unsigned short 
  b               2    2[COMMON] unsigned short 
 Return value:  Size  Location     Type
                  1    wreg      void 
 Registers used:
		wreg, status,2, status,0
 Tracked objects:
		On entry : 
		On exit  : 
		Unchanged: 
 Data sizes:     COMMON   BANK0   BANK1   BANK2   BANK3   BANK4   BANK5   BANK6   BANK7   BANK8   BANK9  BANK10  BANK11  BANK12
      Params:         0       0       0       0       0       0       0       0       0       0       0       0       0       0
      Locals:         6       0       0       0       0       0       0       0       0       0       0       0       0       0
      Temps:          2       0       0       0       0       0       0       0       0       0       0       0       0       0
      Totals:         8       0       0       0       0       0       0       0       0       0       0       0       0       0
Total ram usage:        8 bytes
 Hardware stack levels used:    1
 This function calls:
		Nothing
 This function is called by:
		_tact
 This function uses a non-reentrant model


 *************** function ___lwdiv *****************
 Defined at:
		line 5 in file "C:\Program Files\Microchip\xc8\v2.31\pic\sources\c99\common\lwdiv.c"
 Parameters:    Size  Location     Type
  divisor         2    0[COMMON] unsigned int 
  dividend        2    2[COMMON] unsigned int 
 Auto vars:     Size  Location     Type
  quotient        2    5[COMMON] unsigned int 
  counter         1    7[COMMON] unsigned char 
 Return value:  Size  Location     Type
                  2    0[COMMON] unsigned int 
 Registers used:
		wreg, status,2, status,0
 Tracked objects:
		On entry : 
		On exit  : 
		Unchanged: 
 Data sizes:     COMMON   BANK0   BANK1   BANK2   BANK3   BANK4   BANK5   BANK6   BANK7   BANK8   BANK9  BANK10  BANK11  BANK12
      Params:         4       0       0       0       0       0       0       0       0       0       0       0       0       0
      Locals:         3       0       0       0       0       0       0       0       0       0       0       0       0       0
      Temps:          1       0       0       0       0       0       0       0       0       0       0       0       0       0
      Totals:         8       0       0       0       0       0       0       0       0       0       0       0       0       0
Total ram usage:        8 bytes
 Hardware stack levels used:    1
 This function calls:
		Nothing
 This function is called by:
		_waitSEGStop
		_waitSEG
 This function uses a non-reentrant model


 *************** function _portinit *****************
 Defined at:
		line 160 in file "Q5.c"
 Parameters:    Size  Location     Type
		None
 Auto vars:     Size  Location     Type
		None
 Return value:  Size  Location     Type
                  1    wreg      void 
 Registers used:
		wreg, status,2
 Tracked objects:
		On entry : 
		On exit  : 
		Unchanged: 
 Data sizes:     COMMON   BANK0   BANK1   BANK2   BANK3   BANK4   BANK5   BANK6   BANK7   BANK8   BANK9  BANK10  BANK11  BANK12
      Params:         0       0       0       0       0       0       0       0       0       0       0       0       0       0
      Locals:         0       0       0       0       0       0       0       0       0       0       0       0       0       0
      Temps:          0       0       0       0       0       0       0       0       0       0       0       0       0       0
      Totals:         0       0       0       0       0       0       0       0       0       0       0       0       0       0
Total ram usage:        0 bytes
 Hardware stack levels used:    1
 This function calls:
		Nothing
 This function is called by:
		_main
 This function uses a non-reentrant model


 *************** function _motor *****************
 Defined at:
		line 484 in file "Q5.c"
 Parameters:    Size  Location     Type
  kakudo          2    8[BANK0 ] int 
  dig1data        2   10[BANK0 ] unsigned short 
  dig2data        2   12[BANK0 ] unsigned short 
  smdata          2   14[BANK0 ] unsigned short 
  tr              2   16[BANK0 ] unsigned int 
 Auto vars:     Size  Location     Type
  i               2    8[COMMON] int 
 Return value:  Size  Location     Type
                  1    wreg      void 
 Registers used:
		wreg, fsr0l, fsr0h, status,2, status,0, pclath, cstack
 Tracked objects:
		On entry : 
		On exit  : 
		Unchanged: 
 Data sizes:     COMMON   BANK0   BANK1   BANK2   BANK3   BANK4   BANK5   BANK6   BANK7   BANK8   BANK9  BANK10  BANK11  BANK12
      Params:         0      10       0       0       0       0       0       0       0       0       0       0       0       0
      Locals:         2       0       0       0       0       0       0       0       0       0       0       0       0       0
      Temps:          0       0       0       0       0       0       0       0       0       0       0       0       0       0
      Totals:         2      10       0       0       0       0       0       0       0       0       0       0       0       0
Total ram usage:       12 bytes
 Hardware stack levels used:    1
 Hardware stack levels required when called:    1
 This function calls:
		_dynam
 This function is called by:
		_main
		_henka
 This function uses a non-reentrant model


 *************** function _dynam *****************
 Defined at:
		line 206 in file "Q5.c"
 Parameters:    Size  Location     Type
  dig1data        2    0[COMMON] unsigned short 
  dig2data        2    2[COMMON] unsigned short 
  smdata          2    4[COMMON] unsigned short 
  tr              2    6[COMMON] unsigned int 
 Auto vars:     Size  Location     Type
  ext             2    6[BANK0 ] unsigned short 
  j               2    4[BANK0 ] unsigned int 
  tm              2    2[BANK0 ] unsigned int 
  smd             2    0[BANK0 ] unsigned short 
 Return value:  Size  Location     Type
                  1    wreg      void 
 Registers used:
		wreg, fsr0l, fsr0h, status,2, status,0
 Tracked objects:
		On entry : 
		On exit  : 
		Unchanged: 
 Data sizes:     COMMON   BANK0   BANK1   BANK2   BANK3   BANK4   BANK5   BANK6   BANK7   BANK8   BANK9  BANK10  BANK11  BANK12
      Params:         8       0       0       0       0       0       0       0       0       0       0       0       0       0
      Locals:         0       8       0       0       0       0       0       0       0       0       0       0       0       0
      Temps:          0       0       0       0       0       0       0       0       0       0       0       0       0       0
      Totals:         8       8       0       0       0       0       0       0       0       0       0       0       0       0
Total ram usage:       16 bytes
 Hardware stack levels used:    1
 This function calls:
		Nothing
 This function is called by:
		_waitSEGStop
		_motor
		_main
		_clear
		_waitSEG
		_motorStop
 This function uses a non-reentrant model


 *************** function _hen7 *****************
 Defined at:
		line 252 in file "Q5.c"
 Parameters:    Size  Location     Type
  value           2    4[BANK0 ] int 
  ns1             2    6[BANK0 ] unsigned short 
 Auto vars:     Size  Location     Type
  n               2   22[BANK0 ] unsigned int 
  m               2   20[BANK0 ] unsigned int 
  l               2   18[BANK0 ] unsigned int 
  value100        2   16[BANK0 ] int 
  value10         2   14[BANK0 ] int 
  value1          2   12[BANK0 ] int 
 Return value:  Size  Location     Type
                  1    wreg      void 
 Registers used:
		wreg, fsr0l, fsr0h, fsr1l, fsr1h, status,2, status,0, pclath, cstack
 Tracked objects:
		On entry : 
		On exit  : 
		Unchanged: 
 Data sizes:     COMMON   BANK0   BANK1   BANK2   BANK3   BANK4   BANK5   BANK6   BANK7   BANK8   BANK9  BANK10  BANK11  BANK12
      Params:         0       4       0       0       0       0       0       0       0       0       0       0       0       0
      Locals:         0      12       0       0       0       0       0       0       0       0       0       0       0       0
      Temps:          0       4       0       0       0       0       0       0       0       0       0       0       0       0
      Totals:         0      20       0       0       0       0       0       0       0       0       0       0       0       0
Total ram usage:       20 bytes
 Hardware stack levels used:    1
 Hardware stack levels required when called:    1
 This function calls:
		___awdiv
		___awmod
		___wmul
 This function is called by:
		_main
 This function uses a non-reentrant model


 *************** function ___wmul *****************
 Defined at:
		line 15 in file "C:\Program Files\Microchip\xc8\v2.31\pic\sources\c99\common\Umul16.c"
 Parameters:    Size  Location     Type
  multiplier      2    0[COMMON] unsigned int 
  multiplicand    2    2[COMMON] unsigned int 
 Auto vars:     Size  Location     Type
  product         2    4[COMMON] unsigned int 
 Return value:  Size  Location     Type
                  2    0[COMMON] unsigned int 
 Registers used:
		wreg, status,2, status,0
 Tracked objects:
		On entry : 
		On exit  : 
		Unchanged: 
 Data sizes:     COMMON   BANK0   BANK1   BANK2   BANK3   BANK4   BANK5   BANK6   BANK7   BANK8   BANK9  BANK10  BANK11  BANK12
      Params:         4       0       0       0       0       0       0       0       0       0       0       0       0       0
      Locals:         2       0       0       0       0       0       0       0       0       0       0       0       0       0
      Temps:          0       0       0       0       0       0       0       0       0       0       0       0       0       0
      Totals:         6       0       0       0       0       0       0       0       0       0       0       0       0       0
Total ram usage:        6 bytes
 Hardware stack levels used:    1
 This function calls:
		Nothing
 This function is called by:
		_hen7
		_main
		_wait
		_hens
 This function uses a non-reentrant model


 *************** function ___awmod *****************
 Defined at:
		line 5 in file "C:\Program Files\Microchip\xc8\v2.31\pic\sources\c99\common\awmod.c"
 Parameters:    Size  Location     Type
  divisor         2    0[COMMON] int 
  dividend        2    2[COMMON] int 
 Auto vars:     Size  Location     Type
  sign            1    6[COMMON] unsigned char 
  counter         1    5[COMMON] unsigned char 
 Return value:  Size  Location     Type
                  2    0[COMMON] int 
 Registers used:
		wreg, status,2, status,0
 Tracked objects:
		On entry : 
		On exit  : 
		Unchanged: 
 Data sizes:     COMMON   BANK0   BANK1   BANK2   BANK3   BANK4   BANK5   BANK6   BANK7   BANK8   BANK9  BANK10  BANK11  BANK12
      Params:         4       0       0       0       0       0       0       0       0       0       0       0       0       0
      Locals:         2       0       0       0       0       0       0       0       0       0       0       0       0       0
      Temps:          1       0       0       0       0       0       0       0       0       0       0       0       0       0
      Totals:         7       0       0       0       0       0       0       0       0       0       0       0       0       0
Total ram usage:        7 bytes
 Hardware stack levels used:    1
 This function calls:
		Nothing
 This function is called by:
		_hen7
 This function uses a non-reentrant model


 *************** function ___awdiv *****************
 Defined at:
		line 5 in file "C:\Program Files\Microchip\xc8\v2.31\pic\sources\c99\common\awdiv.c"
 Parameters:    Size  Location     Type
  divisor         2    6[COMMON] int 
  dividend        2    8[COMMON] int 
 Auto vars:     Size  Location     Type
  quotient        2    2[BANK0 ] int 
  sign            1    1[BANK0 ] unsigned char 
  counter         1    0[BANK0 ] unsigned char 
 Return value:  Size  Location     Type
                  2    6[COMMON] int 
 Registers used:
		wreg, status,2, status,0
 Tracked objects:
		On entry : 
		On exit  : 
		Unchanged: 
 Data sizes:     COMMON   BANK0   BANK1   BANK2   BANK3   BANK4   BANK5   BANK6   BANK7   BANK8   BANK9  BANK10  BANK11  BANK12
      Params:         4       0       0       0       0       0       0       0       0       0       0       0       0       0
      Locals:         0       4       0       0       0       0       0       0       0       0       0       0       0       0
      Temps:          1       0       0       0       0       0       0       0       0       0       0       0       0       0
      Totals:         5       4       0       0       0       0       0       0       0       0       0       0       0       0
Total ram usage:        9 bytes
 Hardware stack levels used:    1
 This function calls:
		Nothing
 This function is called by:
		_hen7
		_main
 This function uses a non-reentrant model


 *************** function _fclr *****************
 Defined at:
		line 369 in file "Q5.c"
 Parameters:    Size  Location     Type
  flg             2    0[COMMON] unsigned short 
 Auto vars:     Size  Location     Type
		None
 Return value:  Size  Location     Type
                  1    wreg      void 
 Registers used:
		wreg, fsr0l, fsr0h, status,2, status,0
 Tracked objects:
		On entry : 
		On exit  : 
		Unchanged: 
 Data sizes:     COMMON   BANK0   BANK1   BANK2   BANK3   BANK4   BANK5   BANK6   BANK7   BANK8   BANK9  BANK10  BANK11  BANK12
      Params:         2       0       0       0       0       0       0       0       0       0       0       0       0       0
      Locals:         0       0       0       0       0       0       0       0       0       0       0       0       0       0
      Temps:          0       0       0       0       0       0       0       0       0       0       0       0       0       0
      Totals:         2       0       0       0       0       0       0       0       0       0       0       0       0       0
Total ram usage:        2 bytes
 Hardware stack levels used:    1
 This function calls:
		Nothing
 This function is called by:
		_main
		_kaisu
 This function uses a non-reentrant model



MODULE INFORMATION

Module		Function		Class		Link	Load	Size
C:\Program Files\Microchip\xc8\v2.31\pic\sources\c99\common\awmod.c
		___awmod       		CODE           	0040	0000	83

C:\Program Files\Microchip\xc8\v2.31\pic\sources\c99\common\awmod.c estimated size: 83

shared
		__initialization		CODE           	07C9	0000	52

shared estimated size: 52

C:\Program Files\Microchip\xc8\v2.31\pic\sources\c99\common\lwdiv.c
		___lwdiv       		CODE           	0EFC	0000	60

C:\Program Files\Microchip\xc8\v2.31\pic\sources\c99\common\lwdiv.c estimated size: 60

C:\Program Files\Microchip\xc8\v2.31\pic\sources\c99\common\awdiv.c
		___awdiv       		CODE           	0093	0000	96

C:\Program Files\Microchip\xc8\v2.31\pic\sources\c99\common\awdiv.c estimated size: 96

Q5.c
		_main          		CODE           	04B4	0000	789
		_tactsw        		CODE           	0F38	0000	61
		_zenoff        		CODE           	0E5D	0000	9
		_dynam         		CODE           	0176	0000	362
		_tact          		CODE           	0FB5	0000	75
		_portinit      		CODE           	0E66	0000	19
		_fclr          		CODE           	0E98	0000	32
		_motor         		CODE           	0ED8	0000	36
		_waitSEGStop   		CODE           	00F3	0000	131
		_hen7          		CODE           	02E0	0000	468

Q5.c estimated size: 1982

C:\Program Files\Microchip\xc8\v2.31\pic\sources\c99\common\Umul16.c
		___wmul        		CODE           	0E79	0000	31

C:\Program Files\Microchip\xc8\v2.31\pic\sources\c99\common\Umul16.c estimated size: 31

